Component: Arm Compiler for Embedded 6.22 Tool: armlink [5ee90200]

==============================================================================

Section Cross References

    startup_stm32f407xx.o(STACK) refers (Special) to heapauxi.o(.text) for __use_two_region_memory
    startup_stm32f407xx.o(HEAP) refers (Special) to heapauxi.o(.text) for __use_two_region_memory
    startup_stm32f407xx.o(RESET) refers (Special) to heapauxi.o(.text) for __use_two_region_memory
    startup_stm32f407xx.o(RESET) refers to startup_stm32f407xx.o(STACK) for __initial_sp
    startup_stm32f407xx.o(RESET) refers to startup_stm32f407xx.o(.text) for Reset_Handler
    startup_stm32f407xx.o(RESET) refers to stm32f4xx_it.o(.text.NMI_Handler) for NMI_Handler
    startup_stm32f407xx.o(RESET) refers to stm32f4xx_it.o(.text.HardFault_Handler) for HardFault_Handler
    startup_stm32f407xx.o(RESET) refers to stm32f4xx_it.o(.text.MemManage_Handler) for MemManage_Handler
    startup_stm32f407xx.o(RESET) refers to stm32f4xx_it.o(.text.BusFault_Handler) for BusFault_Handler
    startup_stm32f407xx.o(RESET) refers to stm32f4xx_it.o(.text.UsageFault_Handler) for UsageFault_Handler
    startup_stm32f407xx.o(RESET) refers to stm32f4xx_it.o(.text.SVC_Handler) for SVC_Handler
    startup_stm32f407xx.o(RESET) refers to stm32f4xx_it.o(.text.DebugMon_Handler) for DebugMon_Handler
    startup_stm32f407xx.o(RESET) refers to stm32f4xx_it.o(.text.PendSV_Handler) for PendSV_Handler
    startup_stm32f407xx.o(RESET) refers to stm32f4xx_it.o(.text.SysTick_Handler) for SysTick_Handler
    startup_stm32f407xx.o(RESET) refers to stm32f4xx_it.o(.text.OTG_FS_IRQHandler) for OTG_FS_IRQHandler
    startup_stm32f407xx.o(.text) refers (Special) to heapauxi.o(.text) for __use_two_region_memory
    startup_stm32f407xx.o(.text) refers to system_stm32f4xx.o(.text.SystemInit) for SystemInit
    startup_stm32f407xx.o(.text) refers to __main.o(!!!main) for __main
    startup_stm32f407xx.o(.text) refers to startup_stm32f407xx.o(HEAP) for Heap_Mem
    startup_stm32f407xx.o(.text) refers to startup_stm32f407xx.o(STACK) for Stack_Mem
    ssd1306.o(.text.SSD1306_ScrollRight) refers to main.o(.bss.hi2c1) for hi2c1
    ssd1306.o(.text.SSD1306_ScrollRight) refers to stm32f4xx_hal_i2c.o(.text.HAL_I2C_Master_Transmit) for HAL_I2C_Master_Transmit
    ssd1306.o(.ARM.exidx.text.SSD1306_ScrollRight) refers to ssd1306.o(.text.SSD1306_ScrollRight) for [Anonymous Symbol]
    ssd1306.o(.text.ssd1306_I2C_Write) refers to main.o(.bss.hi2c1) for hi2c1
    ssd1306.o(.text.ssd1306_I2C_Write) refers to stm32f4xx_hal_i2c.o(.text.HAL_I2C_Master_Transmit) for HAL_I2C_Master_Transmit
    ssd1306.o(.ARM.exidx.text.ssd1306_I2C_Write) refers to ssd1306.o(.text.ssd1306_I2C_Write) for [Anonymous Symbol]
    ssd1306.o(.text.SSD1306_ScrollLeft) refers to main.o(.bss.hi2c1) for hi2c1
    ssd1306.o(.text.SSD1306_ScrollLeft) refers to stm32f4xx_hal_i2c.o(.text.HAL_I2C_Master_Transmit) for HAL_I2C_Master_Transmit
    ssd1306.o(.ARM.exidx.text.SSD1306_ScrollLeft) refers to ssd1306.o(.text.SSD1306_ScrollLeft) for [Anonymous Symbol]
    ssd1306.o(.text.SSD1306_Scrolldiagright) refers to main.o(.bss.hi2c1) for hi2c1
    ssd1306.o(.text.SSD1306_Scrolldiagright) refers to stm32f4xx_hal_i2c.o(.text.HAL_I2C_Master_Transmit) for HAL_I2C_Master_Transmit
    ssd1306.o(.ARM.exidx.text.SSD1306_Scrolldiagright) refers to ssd1306.o(.text.SSD1306_Scrolldiagright) for [Anonymous Symbol]
    ssd1306.o(.text.SSD1306_Scrolldiagleft) refers to main.o(.bss.hi2c1) for hi2c1
    ssd1306.o(.text.SSD1306_Scrolldiagleft) refers to stm32f4xx_hal_i2c.o(.text.HAL_I2C_Master_Transmit) for HAL_I2C_Master_Transmit
    ssd1306.o(.ARM.exidx.text.SSD1306_Scrolldiagleft) refers to ssd1306.o(.text.SSD1306_Scrolldiagleft) for [Anonymous Symbol]
    ssd1306.o(.text.SSD1306_Stopscroll) refers to main.o(.bss.hi2c1) for hi2c1
    ssd1306.o(.text.SSD1306_Stopscroll) refers to stm32f4xx_hal_i2c.o(.text.HAL_I2C_Master_Transmit) for HAL_I2C_Master_Transmit
    ssd1306.o(.ARM.exidx.text.SSD1306_Stopscroll) refers to ssd1306.o(.text.SSD1306_Stopscroll) for [Anonymous Symbol]
    ssd1306.o(.text.SSD1306_InvertDisplay) refers to main.o(.bss.hi2c1) for hi2c1
    ssd1306.o(.text.SSD1306_InvertDisplay) refers to stm32f4xx_hal_i2c.o(.text.HAL_I2C_Master_Transmit) for HAL_I2C_Master_Transmit
    ssd1306.o(.ARM.exidx.text.SSD1306_InvertDisplay) refers to ssd1306.o(.text.SSD1306_InvertDisplay) for [Anonymous Symbol]
    ssd1306.o(.text.SSD1306_DrawBitmap) refers to ssd1306.o(.bss..L_MergedGlobals) for .L_MergedGlobals
    ssd1306.o(.text.SSD1306_DrawBitmap) refers to ssd1306.o(.bss.SSD1306_Buffer) for SSD1306_Buffer
    ssd1306.o(.ARM.exidx.text.SSD1306_DrawBitmap) refers to ssd1306.o(.text.SSD1306_DrawBitmap) for [Anonymous Symbol]
    ssd1306.o(.text.SSD1306_DrawPixel) refers to ssd1306.o(.bss..L_MergedGlobals) for .L_MergedGlobals
    ssd1306.o(.text.SSD1306_DrawPixel) refers to ssd1306.o(.bss.SSD1306_Buffer) for SSD1306_Buffer
[...]
    [Anonymous Symbol]                       0x08003d94   Section        0  usbd_conf.o(.text.USBD_LL_IsStallEP)
    [Anonymous Symbol]                       0x08003dc0   Section        0  usbd_core.o(.text.USBD_LL_IsoINIncomplete)
    [Anonymous Symbol]                       0x08003dec   Section        0  usbd_core.o(.text.USBD_LL_IsoOUTIncomplete)
    [Anonymous Symbol]                       0x08003e18   Section        0  usbd_conf.o(.text.USBD_LL_OpenEP)
    [Anonymous Symbol]                       0x08003e40   Section        0  usbd_conf.o(.text.USBD_LL_PrepareReceive)
    [Anonymous Symbol]                       0x08003e64   Section        0  usbd_core.o(.text.USBD_LL_Reset)
    [Anonymous Symbol]                       0x08003ec4   Section        0  usbd_core.o(.text.USBD_LL_Resume)
    [Anonymous Symbol]                       0x08003ed8   Section        0  usbd_core.o(.text.USBD_LL_SOF)
    [Anonymous Symbol]                       0x08003ef8   Section        0  usbd_core.o(.text.USBD_LL_SetSpeed)
    [Anonymous Symbol]                       0x08003f00   Section        0  usbd_conf.o(.text.USBD_LL_SetUSBAddress)
    [Anonymous Symbol]                       0x08003f24   Section        0  usbd_core.o(.text.USBD_LL_SetupStage)
    [Anonymous Symbol]                       0x08003f88   Section        0  usbd_conf.o(.text.USBD_LL_StallEP)
    [Anonymous Symbol]                       0x08003fac   Section        0  usbd_conf.o(.text.USBD_LL_Start)
    [Anonymous Symbol]                       0x08003fd0   Section        0  usbd_core.o(.text.USBD_LL_Suspend)
    [Anonymous Symbol]                       0x08003fec   Section        0  usbd_conf.o(.text.USBD_LL_Transmit)
    [Anonymous Symbol]                       0x08004010   Section        0  usbd_ctlreq.o(.text.USBD_ParseSetupRequest)
    [Anonymous Symbol]                       0x08004028   Section        0  usbd_core.o(.text.USBD_RegisterClass)
    [Anonymous Symbol]                       0x0800406c   Section        0  usbd_core.o(.text.USBD_SetClassConfig)
    [Anonymous Symbol]                       0x0800407c   Section        0  usbd_core.o(.text.USBD_Start)
    [Anonymous Symbol]                       0x08004080   Section        0  usbd_ctlreq.o(.text.USBD_StdDevReq)
    [Anonymous Symbol]                       0x08004404   Section        0  usbd_ctlreq.o(.text.USBD_StdEPReq)
    [Anonymous Symbol]                       0x0800456c   Section        0  usbd_ctlreq.o(.text.USBD_StdItfReq)
    [Anonymous Symbol]                       0x080045e4   Section        0  usbd_conf.o(.text.USBD_static_free)
    [Anonymous Symbol]                       0x080045e8   Section        0  usbd_conf.o(.text.USBD_static_malloc)
    [Anonymous Symbol]                       0x080045f4   Section        0  stm32f4xx_ll_usb.o(.text.USB_ActivateEndpoint)
    [Anonymous Symbol]                       0x08004678   Section        0  stm32f4xx_ll_usb.o(.text.USB_ActivateSetup)
    [Anonymous Symbol]                       0x08004698   Section        0  stm32f4xx_ll_usb.o(.text.USB_CoreInit)
    [Anonymous Symbol]                       0x080048ac   Section        0  stm32f4xx_ll_usb.o(.text.USB_DeactivateEndpoint)
    [Anonymous Symbol]                       0x08004930   Section        0  stm32f4xx_ll_usb.o(.text.USB_DevConnect)
    [Anonymous Symbol]                       0x08004950   Section        0  stm32f4xx_ll_usb.o(.text.USB_DevDisconnect)
    [Anonymous Symbol]                       0x08004970   Section        0  stm32f4xx_ll_usb.o(.text.USB_DevInit)
    [Anonymous Symbol]                       0x08004e28   Section        0  stm32f4xx_ll_usb.o(.text.USB_DisableGlobalInt)
    [Anonymous Symbol]                       0x08004e38   Section        0  stm32f4xx_ll_usb.o(.text.USB_EP0_OutStart)
    [Anonymous Symbol]                       0x08004e94   Section        0  stm32f4xx_ll_usb.o(.text.USB_EPClearStall)
    [Anonymous Symbol]                       0x08004ee8   Section        0  stm32f4xx_ll_usb.o(.text.USB_EPSetStall)
    [Anonymous Symbol]                       0x08004f28   Section        0  stm32f4xx_ll_usb.o(.text.USB_EPStartXfer)
    [Anonymous Symbol]                       0x08005164   Section        0  stm32f4xx_ll_usb.o(.text.USB_EPStopXfer)
    [Anonymous Symbol]                       0x08005274   Section        0  stm32f4xx_ll_usb.o(.text.USB_EnableGlobalInt)
    [Anonymous Symbol]                       0x08005284   Section        0  stm32f4xx_ll_usb.o(.text.USB_FlushTxFifo)
    [Anonymous Symbol]                       0x08005344   Section        0  stm32f4xx_ll_usb.o(.text.USB_GetDevSpeed)
    [Anonymous Symbol]                       0x08005360   Section        0  stm32f4xx_ll_usb.o(.text.USB_GetMode)
    [Anonymous Symbol]                       0x08005368   Section        0  stm32f4xx_ll_usb.o(.text.USB_ReadDevAllInEpInterrupt)
    [Anonymous Symbol]                       0x08005378   Section        0  stm32f4xx_ll_usb.o(.text.USB_ReadDevAllOutEpInterrupt)
    [Anonymous Symbol]                       0x08005388   Section        0  stm32f4xx_ll_usb.o(.text.USB_ReadDevInEPInterrupt)
    [Anonymous Symbol]                       0x080053ac   Section        0  stm32f4xx_ll_usb.o(.text.USB_ReadDevOutEPInterrupt)
    [Anonymous Symbol]                       0x080053bc   Section        0  stm32f4xx_ll_usb.o(.text.USB_ReadInterrupts)
    [Anonymous Symbol]                       0x080053c4   Section        0  stm32f4xx_ll_usb.o(.text.USB_ReadPacket)
    [Anonymous Symbol]                       0x08005470   Section        0  stm32f4xx_ll_usb.o(.text.USB_SetCurrentMode)
    [Anonymous Symbol]                       0x080057d8   Section        0  stm32f4xx_ll_usb.o(.text.USB_SetDevAddress)
    [Anonymous Symbol]                       0x080057fc   Section        0  stm32f4xx_ll_usb.o(.text.USB_SetTurnaroundTime)
    [Anonymous Symbol]                       0x08005914   Section        0  stm32f4xx_ll_usb.o(.text.USB_WritePacket)
    [Anonymous Symbol]                       0x08005980   Section        0  stm32f4xx_it.o(.text.UsageFault_Handler)
    [Anonymous Symbol]                       0x08005984   Section        0  main.o(.text.displayDigit)
    [Anonymous Symbol]                       0x08005a80   Section        0  main.o(.text.main)
    $v0                                      0x08005c80   Number         0  fpinit.o(x$fpl$fpinit)
    x$fpl$fpinit                             0x08005c80   Section       26  fpinit.o(x$fpl$fpinit)
    [Anonymous Symbol]                       0x08007d5a   Section        0  main.o(.rodata.str1.1)
    .L.str.3                                 0x08007d5c   Data          11  main.o(.rodata.str1.1)
    .L_MergedGlobals                         0x20000000   Data          88  main.o(.data..L_MergedGlobals)
    [Anonymous Symbol]                       0x20000000   Section        0  main.o(.data..L_MergedGlobals)
    .L_MergedGlobals                         0x20000058   Data           8  stm32f4xx_hal.o(.data..L_MergedGlobals)
    [Anonymous Symbol]                       0x20000058   Section        0  stm32f4xx_hal.o(.data..L_MergedGlobals)
    USBD_CDC_CfgDesc                         0x200000c8   Data          67  usbd_cdc.o(.data.USBD_CDC_CfgDesc)
    [Anonymous Symbol]                       0x200000c8   Section        0  usbd_cdc.o(.data.USBD_CDC_CfgDesc)
    USBD_CDC_DeviceQualifierDesc             0x2000010c   Data          10  usbd_cdc.o(.data.USBD_CDC_DeviceQualifierDesc)
    [Anonymous Symbol]                       0x2000010c   Section        0  usbd_cdc.o(.data.USBD_CDC_DeviceQualifierDesc)
    .bss                                     0x20000160   Section       96  libspace.o(.bss)
    .L_MergedGlobals                         0x200001c0   Data           6  ssd1306.o(.bss..L_MergedGlobals)
    SSD1306.2                                0x200001c0   Data           1  ssd1306.o(.bss..L_MergedGlobals)
    [Anonymous Symbol]                       0x200001c0   Section        0  ssd1306.o(.bss..L_MergedGlobals)
    SSD1306.0                                0x200001c2   Data           2  ssd1306.o(.bss..L_MergedGlobals)
    SSD1306.1                                0x200001c4   Data           2  ssd1306.o(.bss..L_MergedGlobals)
    .L_MergedGlobals                         0x200001c6   Data          65  usbd_cdc_if.o(.bss..L_MergedGlobals)
    [Anonymous Symbol]                       0x200001c6   Section        0  usbd_cdc_if.o(.bss..L_MergedGlobals)
    SSD1306_Buffer                           0x20000208   Data        1024  ssd1306.o(.bss.SSD1306_Buffer)
    [Anonymous Symbol]                       0x20000208   Section        0  ssd1306.o(.bss.SSD1306_Buffer)
    USBD_SetConfig.cfgidx                    0x20000608   Data           1  usbd_ctlreq.o(.bss.USBD_SetConfig.cfgidx)
    [Anonymous Symbol]                       0x20000608   Section        0  usbd_ctlreq.o(.bss.USBD_SetConfig.cfgidx)
    USBD_static_malloc.mem                   0x2000080c   Data         544  usbd_conf.o(.bss.USBD_static_malloc.mem)
    [Anonymous Symbol]                       0x2000080c   Section        0  usbd_conf.o(.bss.USBD_static_malloc.mem)
    Heap_Mem                                 0x20002290   Data         512  startup_stm32f407xx.o(HEAP)
    HEAP                                     0x20002290   Section      512  startup_stm32f407xx.o(HEAP)
    Stack_Mem                                0x20002490   Data        1024  startup_stm32f407xx.o(STACK)
    STACK                                    0x20002490   Section     1024  startup_stm32f407xx.o(STACK)
    __initial_sp                             0x20002890   Data           0  startup_stm32f407xx.o(STACK)

    Global Symbols

    Symbol Name                              Value     Ov Type        Size  Object(Section)

    BuildAttributes$$THM_ISAv4$E$P$D$K$B$S$7EM$VFPi3$EXTD16$VFPS$VFMA$PE$A:L22UL41UL21$X:L11$S22US41US21$IEEE1$IW$~IW$USESV6$~STKCKD$USESV7$~SHL$OTIME$ROPI$EBA8$UX$STANDARDLIB$REQ8$PRES8$EABIv2 0x00000000   Number         0  anon$$obj.o ABSOLUTE
    __ARM_exceptions_init                     - Undefined Weak Reference
    __alloca_initialize                       - Undefined Weak Reference
    __arm_preinit_                            - Undefined Weak Reference
    __arm_relocate_pie_                       - Undefined Weak Reference
    __cpp_initialize__aeabi_                  - Undefined Weak Reference
    __cxa_finalize                            - Undefined Weak Reference
    __rt_locale                               - Undefined Weak Reference
    __sigvec_lookup                           - Undefined Weak Reference
    _atexit_init                              - Undefined Weak Reference
    _call_atexit_fns                          - Undefined Weak Reference
    _clock_init                               - Undefined Weak Reference
    _fp_trap_init                             - Undefined Weak Reference
    _fp_trap_shutdown                         - Undefined Weak Reference
    _get_lc_collate                           - Undefined Weak Reference
    _get_lc_ctype                             - Undefined Weak Reference
    _get_lc_monetary                          - Undefined Weak Reference
    _get_lc_numeric                           - Undefined Weak Reference
    _get_lc_time                              - Undefined Weak Reference
    _getenv_init                              - Undefined Weak Reference
    _handle_redirection                       - Undefined Weak Reference
    _init_alloc                               - Undefined Weak Reference
    _init_user_alloc                          - Undefined Weak Reference
    _initio                                   - Undefined Weak Reference
    _rand_init                                - Undefined Weak Reference
    _signal_finish                            - Undefined Weak Reference
    _signal_init                              - Undefined Weak Reference
    _terminate_alloc                          - Undefined Weak Reference
    _terminate_user_alloc                     - Undefined Weak Reference
    _terminateio                              - Undefined Weak Reference
    __Vectors_Size                           0x00000188   Number         0  startup_stm32f407xx.o ABSOLUTE
    __Vectors                                0x08000000   Data           4  startup_stm32f407xx.o(RESET)
    __Vectors_End                            0x08000188   Data           0  startup_stm32f407xx.o(RESET)
    __main                                   0x08000189   Thumb Code     8  __main.o(!!!main)
    __scatterload                            0x08000191   Thumb Code     0  __scatter.o(!!!scatter)
    __scatterload_rt2                        0x08000191   Thumb Code    84  __scatter.o(!!!scatter)
    __scatterload_rt2_thumb_only             0x08000191   Thumb Code     0  __scatter.o(!!!scatter)
    __scatterload_loop                       0x0800019b   Thumb Code     0  __scatter.o(!!!scatter)
    __decompress                             0x080001ed   Thumb Code    90  __dczerorl2.o(!!dczerorl2)
    __decompress1                            0x080001ed   Thumb Code     0  __dczerorl2.o(!!dczerorl2)
    __scatterload_null                       0x08000249   Thumb Code     2  __scatter.o(!!handler_null)
    __scatterload_zeroinit                   0x0800024d   Thumb Code    28  __scatter_zi.o(!!handler_zi)
    __rt_lib_init                            0x08000269   Thumb Code     0  libinit.o(.ARM.Collect$$libinit$$00000000)
    __rt_lib_init_fp_1                       0x0800026b   Thumb Code     0  libinit2.o(.ARM.Collect$$libinit$$00000001)
    __rt_lib_init_alloca_1                   0x0800026f   Thumb Code     0  libinit2.o(.ARM.Collect$$libinit$$00000030)
    __rt_lib_init_argv_1                     0x0800026f   Thumb Code     0  libinit2.o(.ARM.Collect$$libinit$$0000002E)
    __rt_lib_init_atexit_1                   0x0800026f   Thumb Code     0  libinit2.o(.ARM.Collect$$libinit$$0000001D)
    __rt_lib_init_clock_1                    0x0800026f   Thumb Code     0  libinit2.o(.ARM.Collect$$libinit$$00000023)
    __rt_lib_init_cpp_1                      0x0800026f   Thumb Code     0  libinit2.o(.ARM.Collect$$libinit$$00000034)
    __rt_lib_init_exceptions_1               0x0800026f   Thumb Code     0  libinit2.o(.ARM.Collect$$libinit$$00000032)
    __rt_lib_init_fp_trap_1                  0x0800026f   Thumb Code     0  libinit2.o(.ARM.Collect$$libinit$$00000021)
    __rt_lib_init_getenv_1                   0x0800026f   Thumb Code     0  libinit2.o(.ARM.Collect$$libinit$$00000025)
    __rt_lib_init_heap_1                     0x0800026f   Thumb Code     0  libinit2.o(.ARM.Collect$$libinit$$0000000C)
    __rt_lib_init_lc_collate_1               0x0800026f   Thumb Code     0  libinit2.o(.ARM.Collect$$libinit$$00000013)
    __rt_lib_init_lc_ctype_1                 0x0800026f   Thumb Code     0  libinit2.o(.ARM.Collect$$libinit$$00000015)
    __rt_lib_init_lc_monetary_1              0x0800026f   Thumb Code     0  libinit2.o(.ARM.Collect$$libinit$$00000017)
    __rt_lib_init_lc_numeric_1               0x0800026f   Thumb Code     0  libinit2.o(.ARM.Collect$$libinit$$00000019)
    __rt_lib_init_lc_time_1                  0x0800026f   Thumb Code     0  libinit2.o(.ARM.Collect$$libinit$$0000001B)
    __rt_lib_init_preinit_1                  0x0800026f   Thumb Code     0  libinit2.o(.ARM.Collect$$libinit$$00000006)
    __rt_lib_init_rand_1                     0x0800026f   Thumb Code     0  libinit2.o(.ARM.Collect$$libinit$$00000010)
    __rt_lib_init_relocate_pie_1             0x0800026f   Thumb Code     0  libinit2.o(.ARM.Collect$$libinit$$00000004)
    __rt_lib_init_return                     0x0800026f   Thumb Code     0  libinit2.o(.ARM.Collect$$libinit$$00000035)
    __rt_lib_init_signal_1                   0x0800026f   Thumb Code     0  libinit2.o(.ARM.Collect$$libinit$$0000001F)
    __rt_lib_init_stdio_1                    0x0800026f   Thumb Code     0  libinit2.o(.ARM.Collect$$libinit$$00000027)
    __rt_lib_init_user_alloc_1               0x0800026f   Thumb Code     0  libinit2.o(.ARM.Collect$$libinit$$0000000E)
    __rt_lib_shutdown                        0x08000271   Thumb Code     0  libshutdown.o(.ARM.Collect$$libshutdown$$00000000)
    __rt_lib_shutdown_cpp_1                  0x08000273   Thumb Code     0  libshutdown2.o(.ARM.Collect$$libshutdown$$00000002)
    __rt_lib_shutdown_fp_trap_1              0x08000273   Thumb Code     0  libshutdown2.o(.ARM.Collect$$libshutdown$$00000007)
    __rt_lib_shutdown_heap_1                 0x08000273   Thumb Code     0  libshutdown2.o(.ARM.Collect$$libshutdown$$0000000F)
    __rt_lib_shutdown_return                 0x08000273   Thumb Code     0  libshutdown2.o(.ARM.Collect$$libshutdown$$00000010)
    __rt_lib_shutdown_signal_1               0x08000273   Thumb Code     0  libshutdown2.o(.ARM.Collect$$libshutdown$$0000000A)
    __rt_lib_shutdown_stdio_1                0x08000273   Thumb Code     0  libshutdown2.o(.ARM.Collect$$libshutdown$$00000004)
    __rt_lib_shutdown_user_alloc_1           0x08000273   Thumb Code     0  libshutdown2.o(.ARM.Collect$$libshutdown$$0000000C)
    __rt_entry                               0x08000275   Thumb Code     0  __rtentry.o(.ARM.Collect$$rtentry$$00000000)
    __rt_entry_presh_1                       0x08000275   Thumb Code     0  __rtentry2.o(.ARM.Collect$$rtentry$$00000002)
    __rt_entry_sh                            0x08000275   Thumb Code     0  __rtentry4.o(.ARM.Collect$$rtentry$$00000004)
    __rt_entry_li                            0x0800027b   Thumb Code     0  __rtentry2.o(.ARM.Collect$$rtentry$$0000000A)
    __rt_entry_postsh_1                      0x0800027b   Thumb Code     0  __rtentry2.o(.ARM.Collect$$rtentry$$00000009)
    __rt_entry_main                          0x0800027f   Thumb Code     0  __rtentry2.o(.ARM.Collect$$rtentry$$0000000D)
    __rt_entry_postli_1                      0x0800027f   Thumb Code     0  __rtentry2.o(.ARM.Collect$$rtentry$$0000000C)
    __rt_exit                                0x08000287   Thumb Code     0  rtexit.o(.ARM.Collect$$rtexit$$00000000)
    __rt_exit_ls                             0x08000289   Thumb Code     0  rtexit2.o(.ARM.Collect$$rtexit$$00000003)
    __rt_exit_prels_1                        0x08000289   Thumb Code     0  rtexit2.o(.ARM.Collect$$rtexit$$00000002)
    __rt_exit_exit                           0x0800028d   Thumb Code     0  rtexit2.o(.ARM.Collect$$rtexit$$00000004)
    Reset_Handler                            0x08000295   Thumb Code     8  startup_stm32f407xx.o(.text)
    ADC_IRQHandler                           0x080002af   Thumb Code     0  startup_stm32f407xx.o(.text)
    CAN1_RX0_IRQHandler                      0x080002af   Thumb Code     0  startup_stm32f407xx.o(.text)
    CAN1_RX1_IRQHandler                      0x080002af   Thumb Code     0  startup_stm32f407xx.o(.text)
    CAN1_SCE_IRQHandler                      0x080002af   Thumb Code     0  startup_stm32f407xx.o(.text)
    CAN1_TX_IRQHandler                       0x080002af   Thumb Code     0  startup_stm32f407xx.o(.text)
    CAN2_RX0_IRQHandler                      0x080002af   Thumb Code     0  startup_stm32f407xx.o(.text)
    CAN2_RX1_IRQHandler                      0x080002af   Thumb Code     0  startup_stm32f407xx.o(.text)
    CAN2_SCE_IRQHandler                      0x080002af   Thumb Code     0  startup_stm32f407xx.o(.text)
    CAN2_TX_IRQHandler                       0x080002af   Thumb Code     0  startup_stm32f407xx.o(.text)
    DCMI_IRQHandler                          0x080002af   Thumb Code     0  startup_stm32f407xx.o(.text)
    DMA1_Stream0_IRQHandler                  0x080002af   Thumb Code     0  startup_stm32f407xx.o(.text)
    DMA1_Stream1_IRQHandler                  0x080002af   Thumb Code     0  startup_stm32f407xx.o(.text)
    DMA1_Stream2_IRQHandler                  0x080002af   Thumb Code     0  startup_stm32f407xx.o(.text)
    DMA1_Stream3_IRQHandler                  0x080002af   Thumb Code     0  startup_stm32f407xx.o(.text)
    DMA1_Stream4_IRQHandler                  0x080002af   Thumb Code     0  startup_stm32f407xx.o(.text)
    DMA1_Stream5_IRQHandler                  0x080002af   Thumb Code     0  startup_stm32f407xx.o(.text)
    DMA1_Stream6_IRQHandler                  0x080002af   Thumb Code     0  startup_stm32f407xx.o(.text)
    DMA1_Stream7_IRQHandler                  0x080002af   Thumb Code     0  startup_stm32f407xx.o(.text)
    DMA2_Stream0_IRQHandler                  0x080002af   Thumb Code     0  startup_stm32f407xx.o(.text)
    DMA2_Stream1_IRQHandler                  0x080002af   Thumb Code     0  startup_stm32f407xx.o(.text)
    DMA2_Stream2_IRQHandler                  0x080002af   Thumb Code     0  startup_stm32f407xx.o(.text)
    DMA2_Stream3_IRQHandler                  0x080002af   Thumb Code     0  startup_stm32f407xx.o(.text)
    DMA2_Stream4_IRQHandler                  0x080002af   Thumb Code     0  startup_stm32f407xx.o(.text)
    DMA2_Stream5_IRQHandler                  0x080002af   Thumb Code     0  startup_stm32f407xx.o(.text)
    DMA2_Stream6_IRQHandler                  0x080002af   Thumb Code     0  startup_stm32f407xx.o(.text)
    DMA2_Stream7_IRQHandler                  0x080002af   Thumb Code     0  startup_stm32f407xx.o(.text)
    ETH_IRQHandler                           0x080002af   Thumb Code     0  startup_stm32f407xx.o(.text)
    ETH_WKUP_IRQHandler                      0x080002af   Thumb Code     0  startup_stm32f407xx.o(.text)
    EXTI0_IRQHandler                         0x080002af   Thumb Code     0  startup_stm32f407xx.o(.text)
    EXTI15_10_IRQHandler                     0x080002af   Thumb Code     0  startup_stm32f407xx.o(.text)
    EXTI1_IRQHandler                         0x080002af   Thumb Code     0  startup_stm32f407xx.o(.text)
    EXTI2_IRQHandler                         0x080002af   Thumb Code     0  startup_stm32f407xx.o(.text)
    EXTI3_IRQHandler                         0x080002af   Thumb Code     0  startup_stm32f407xx.o(.text)
    EXTI4_IRQHandler                         0x080002af   Thumb Code     0  startup_stm32f407xx.o(.text)
    EXTI9_5_IRQHandler                       0x080002af   Thumb Code     0  startup_stm32f407xx.o(.text)
    FLASH_IRQHandler                         0x080002af   Thumb Code     0  startup_stm32f407xx.o(.text)
    FMC_IRQHandler                           0x080002af   Thumb Code     0  startup_stm32f407xx.o(.text)
    FPU_IRQHandler                           0x080002af   Thumb Code     0  startup_stm32f407xx.o(.text)
    HASH_RNG_IRQHandler                      0x080002af   Thumb Code     0  startup_stm32f407xx.o(.text)
    I2C1_ER_IRQHandler                       0x080002af   Thumb Code     0  startup_stm32f407xx.o(.text)
    I2C1_EV_IRQHandler                       0x080002af   Thumb Code     0  startup_stm32f407xx.o(.text)
    I2C2_ER_IRQHandler                       0x080002af   Thumb Code     0  startup_stm32f407xx.o(.text)
    I2C2_EV_IRQHandler                       0x080002af   Thumb Code     0  startup_stm32f407xx.o(.text)
    I2C3_ER_IRQHandler                       0x080002af   Thumb Code     0  startup_stm32f407xx.o(.text)
    I2C3_EV_IRQHandler                       0x080002af   Thumb Code     0  startup_stm32f407xx.o(.text)
    OTG_FS_WKUP_IRQHandler                   0x080002af   Thumb Code     0  startup_stm32f407xx.o(.text)
    OTG_HS_EP1_IN_IRQHandler                 0x080002af   Thumb Code     0  startup_stm32f407xx.o(.text)
    OTG_HS_EP1_OUT_IRQHandler                0x080002af   Thumb Code     0  startup_stm32f407xx.o(.text)
    OTG_HS_IRQHandler                        0x080002af   Thumb Code     0  startup_stm32f407xx.o(.text)
    OTG_HS_WKUP_IRQHandler                   0x080002af   Thumb Code     0  startup_stm32f407xx.o(.text)
    PVD_IRQHandler                           0x080002af   Thumb Code     0  startup_stm32f407xx.o(.text)
    RCC_IRQHandler                           0x080002af   Thumb Code     0  startup_stm32f407xx.o(.text)
    RTC_Alarm_IRQHandler                     0x080002af   Thumb Code     0  startup_stm32f407xx.o(.text)
    RTC_WKUP_IRQHandler                      0x080002af   Thumb Code     0  startup_stm32f407xx.o(.text)
    SDIO_IRQHandler                          0x080002af   Thumb Code     0  startup_stm32f407xx.o(.text)
    SPI1_IRQHandler                          0x080002af   Thumb Code     0  startup_stm32f407xx.o(.text)
    SPI2_IRQHandler                          0x080002af   Thumb Code     0  startup_stm32f407xx.o(.text)
    SPI3_IRQHandler                          0x080002af   Thumb Code     0  startup_stm32f407xx.o(.text)
    TAMP_STAMP_IRQHandler                    0x080002af   Thumb Code     0  startup_stm32f407xx.o(.text)
    TIM1_BRK_TIM9_IRQHandler                 0x080002af   Thumb Code     0  startup_stm32f407xx.o(.text)
    TIM1_CC_IRQHandler                       0x080002af   Thumb Code     0  startup_stm32f407xx.o(.text)
    TIM1_TRG_COM_TIM11_IRQHandler            0x080002af   Thumb Code     0  startup_stm32f407xx.o(.text)
    TIM1_UP_TIM10_IRQHandler                 0x080002af   Thumb Code     0  startup_stm32f407xx.o(.text)
    TIM2_IRQHandler                          0x080002af   Thumb Code     0  startup_stm32f407xx.o(.text)
    TIM3_IRQHandler                          0x080002af   Thumb Code     0  startup_stm32f407xx.o(.text)
    TIM4_IRQHandler                          0x080002af   Thumb Code     0  startup_stm32f407xx.o(.text)
    TIM5_IRQHandler                          0x080002af   Thumb Code     0  startup_stm32f407xx.o(.text)
    TIM6_DAC_IRQHandler                      0x080002af   Thumb Code     0  startup_stm32f407xx.o(.text)
    TIM7_IRQHandler                          0x080002af   Thumb Code     0  startup_stm32f407xx.o(.text)
    TIM8_BRK_TIM12_IRQHandler                0x080002af   Thumb Code     0  startup_stm32f407xx.o(.text)
    TIM8_CC_IRQHandler                       0x080002af   Thumb Code     0  startup_stm32f407xx.o(.text)
    TIM8_TRG_COM_TIM14_IRQHandler            0x080002af   Thumb Code     0  startup_stm32f407xx.o(.text)
    TIM8_UP_TIM13_IRQHandler                 0x080002af   Thumb Code     0  startup_stm32f407xx.o(.text)
    UART4_IRQHandler                         0x080002af   Thumb Code     0  startup_stm32f407xx.o(.text)
    UART5_IRQHandler                         0x080002af   Thumb Code     0  startup_stm32f407xx.o(.text)
    USART1_IRQHandler                        0x080002af   Thumb Code     0  startup_stm32f407xx.o(.text)
    USART2_IRQHandler                        0x080002af   Thumb Code     0  startup_stm32f407xx.o(.text)
    USART3_IRQHandler                        0x080002af   Thumb Code     0  startup_stm32f407xx.o(.text)
    USART6_IRQHandler                        0x080002af   Thumb Code     0  startup_stm32f407xx.o(.text)
    WWDG_IRQHandler                          0x080002af   Thumb Code     0  startup_stm32f407xx.o(.text)
    __user_initial_stackheap                 0x080002b1   Thumb Code     0  startup_stm32f407xx.o(.text)
    __aeabi_uldivmod                         0x080002d5   Thumb Code     0  lludivv7m.o(.text)
    _ll_udiv                                 0x080002d5   Thumb Code   240  lludivv7m.o(.text)
    __aeabi_memcpy                           0x080003c5   Thumb Code     0  rt_memcpy_v6.o(.text)
    __rt_memcpy                              0x080003c5   Thumb Code   138  rt_memcpy_v6.o(.text)
    _memcpy_lastbytes                        0x0800042b   Thumb Code     0  rt_memcpy_v6.o(.text)
    __aeabi_memset4                          0x0800044f   Thumb Code    16  aeabi_memset4.o(.text)
    __aeabi_memset8                          0x0800044f   Thumb Code     0  aeabi_memset4.o(.text)
    __aeabi_memclr4                          0x0800045f   Thumb Code     0  rt_memclr_w.o(.text)
    __aeabi_memclr8                          0x0800045f   Thumb Code     0  rt_memclr_w.o(.text)
    __rt_memclr_w                            0x0800045f   Thumb Code     0  rt_memclr_w.o(.text)
    _memset_w                                0x08000463   Thumb Code    74  rt_memclr_w.o(.text)
    strncpy                                  0x080004ad   Thumb Code    86  strncpy.o(.text)
    __use_two_region_memory                  0x08000503   Thumb Code     2  heapauxi.o(.text)
    __rt_heap_escrow$2region                 0x08000505   Thumb Code     2  heapauxi.o(.text)
    __rt_heap_expand$2region                 0x08000507   Thumb Code     2  heapauxi.o(.text)
    __aeabi_memcpy4                          0x08000509   Thumb Code     0  rt_memcpy_w.o(.text)
    __aeabi_memcpy8                          0x08000509   Thumb Code     0  rt_memcpy_w.o(.text)
    __rt_memcpy_w                            0x08000509   Thumb Code   100  rt_memcpy_w.o(.text)
    _memcpy_lastbytes_aligned                0x08000551   Thumb Code     0  rt_memcpy_w.o(.text)
    __aeabi_memclr                           0x0800056d   Thumb Code     0  rt_memclr.o(.text)
    __rt_memclr                              0x0800056d   Thumb Code     0  rt_memclr.o(.text)
    _memset                                  0x08000571   Thumb Code    64  rt_memclr.o(.text)
    __user_setup_stackheap                   0x080005b1   Thumb Code    74  sys_stackheap_outer.o(.text)
    exit                                     0x080005fb   Thumb Code    18  exit.o(.text)
    __user_libspace                          0x0800060d   Thumb Code     8  libspace.o(.text)
    __user_perproc_libspace                  0x0800060d   Thumb Code     0  libspace.o(.text)
    __user_perthread_libspace                0x0800060d   Thumb Code     0  libspace.o(.text)
    _sys_exit                                0x08000615   Thumb Code     8  sys_exit.o(.text)
    __I$use$semihosting                      0x08000621   Thumb Code     0  use_no_semi.o(.text)
    __use_no_semihosting_swi                 0x08000621   Thumb Code     2  use_no_semi.o(.text)
    __semihosting_library_function           0x08000623   Thumb Code     0  indicate_semi.o(.text)
    BusFault_Handler                         0x08000625   Thumb Code     2  stm32f4xx_it.o(.text.BusFault_Handler)
    DebugMon_Handler                         0x0800069d   Thumb Code     2  stm32f4xx_it.o(.text.DebugMon_Handler)
    Error_Handler                            0x080006a1   Thumb Code     6  main.o(.text.Error_Handler)
    HAL_Delay                                0x080006a9   Thumb Code    40  stm32f4xx_hal.o(.text.HAL_Delay)
    HAL_GPIO_Init                            0x080006d1   Thumb Code   414  stm32f4xx_hal_gpio.o(.text.HAL_GPIO_Init)
    HAL_GPIO_WritePin                        0x08000871   Thumb Code    10  stm32f4xx_hal_gpio.o(.text.HAL_GPIO_WritePin)
    HAL_GetTick                              0x0800087d   Thumb Code    12  stm32f4xx_hal.o(.text.HAL_GetTick)
    HAL_I2C_Init                             0x08000889   Thumb Code   356  stm32f4xx_hal_i2c.o(.text.HAL_I2C_Init)
    HAL_I2C_IsDeviceReady                    0x080009ed   Thumb Code   532  stm32f4xx_hal_i2c.o(.text.HAL_I2C_IsDeviceReady)
    HAL_I2C_Master_Transmit                  0x08000c01   Thumb Code   476  stm32f4xx_hal_i2c.o(.text.HAL_I2C_Master_Transmit)
    HAL_I2C_MspInit                          0x08000ddd   Thumb Code   116  stm32f4xx_hal_msp.o(.text.HAL_I2C_MspInit)
    HAL_IncTick                              0x08000e51   Thumb Code    26  stm32f4xx_hal.o(.text.HAL_IncTick)
    HAL_Init                                 0x08000e6d   Thumb Code    54  stm32f4xx_hal.o(.text.HAL_Init)
    HAL_InitTick                             0x08000ea5   Thumb Code    72  stm32f4xx_hal.o(.text.HAL_InitTick)
    HAL_MspInit                              0x08000eed   Thumb Code    56  stm32f4xx_hal_msp.o(.text.HAL_MspInit)
    HAL_NVIC_EnableIRQ                       0x08000f25   Thumb Code    34  stm32f4xx_hal_cortex.o(.text.HAL_NVIC_EnableIRQ)
    HAL_NVIC_SetPriority                     0x08000f49   Thumb Code    86  stm32f4xx_hal_cortex.o(.text.HAL_NVIC_SetPriority)
    HAL_NVIC_SetPriorityGrouping             0x08000fa1   Thumb Code    32  stm32f4xx_hal_cortex.o(.text.HAL_NVIC_SetPriorityGrouping)
    HAL_PCDEx_LPM_Callback                   0x08000fc1   Thumb Code     2  stm32f4xx_hal_pcd_ex.o(.text.HAL_PCDEx_LPM_Callback)
    HAL_PCDEx_SetRxFiFo                      0x08000fc5   Thumb Code     8  stm32f4xx_hal_pcd_ex.o(.text.HAL_PCDEx_SetRxFiFo)
    HAL_PCDEx_SetTxFiFo                      0x08000fcd   Thumb Code   206  stm32f4xx_hal_pcd_ex.o(.text.HAL_PCDEx_SetTxFiFo)
    HAL_PCD_ConnectCallback                  0x0800109d   Thumb Code     8  usbd_conf.o(.text.HAL_PCD_ConnectCallback)
    HAL_PCD_DataInStageCallback              0x080010a5   Thumb Code    20  usbd_conf.o(.text.HAL_PCD_DataInStageCallback)
    HAL_PCD_DataOutStageCallback             0x080010b9   Thumb Code    22  usbd_conf.o(.text.HAL_PCD_DataOutStageCallback)
    HAL_PCD_DisconnectCallback               0x080010d1   Thumb Code     8  usbd_conf.o(.text.HAL_PCD_DisconnectCallback)
    HAL_PCD_EP_Close                         0x080010d9   Thumb Code    78  stm32f4xx_hal_pcd.o(.text.HAL_PCD_EP_Close)
    HAL_PCD_EP_ClrStall                      0x08001129   Thumb Code    96  stm32f4xx_hal_pcd.o(.text.HAL_PCD_EP_ClrStall)
    HAL_PCD_EP_GetRxCount                    0x08001189   Thumb Code    18  stm32f4xx_hal_pcd.o(.text.HAL_PCD_EP_GetRxCount)
    HAL_PCD_EP_Open                          0x0800119d   Thumb Code   116  stm32f4xx_hal_pcd.o(.text.HAL_PCD_EP_Open)
    HAL_PCD_EP_Receive                       0x08001211   Thumb Code    66  stm32f4xx_hal_pcd.o(.text.HAL_PCD_EP_Receive)
    HAL_PCD_EP_SetStall                      0x08001255   Thumb Code   110  stm32f4xx_hal_pcd.o(.text.HAL_PCD_EP_SetStall)
    HAL_PCD_EP_Transmit                      0x080012c5   Thumb Code    58  stm32f4xx_hal_pcd.o(.text.HAL_PCD_EP_Transmit)
    HAL_PCD_IRQHandler                       0x08001301   Thumb Code  2310  stm32f4xx_hal_pcd.o(.text.HAL_PCD_IRQHandler)
    HAL_PCD_ISOINIncompleteCallback          0x08001c09   Thumb Code     8  usbd_conf.o(.text.HAL_PCD_ISOINIncompleteCallback)
    HAL_PCD_ISOOUTIncompleteCallback         0x08001c11   Thumb Code     8  usbd_conf.o(.text.HAL_PCD_ISOOUTIncompleteCallback)
    HAL_PCD_Init                             0x08001c19   Thumb Code   622  stm32f4xx_hal_pcd.o(.text.HAL_PCD_Init)
    HAL_PCD_MspInit                          0x08001e89   Thumb Code   136  usbd_conf.o(.text.HAL_PCD_MspInit)
    HAL_PCD_ResetCallback                    0x08001f11   Thumb Code    42  usbd_conf.o(.text.HAL_PCD_ResetCallback)
    HAL_PCD_ResumeCallback                   0x08001f3d   Thumb Code     8  usbd_conf.o(.text.HAL_PCD_ResumeCallback)
    HAL_PCD_SOFCallback                      0x08001f45   Thumb Code     8  usbd_conf.o(.text.HAL_PCD_SOFCallback)
    HAL_PCD_SetAddress                       0x08001f4d   Thumb Code    40  stm32f4xx_hal_pcd.o(.text.HAL_PCD_SetAddress)
    HAL_PCD_SetupStageCallback               0x08001f75   Thumb Code    14  usbd_conf.o(.text.HAL_PCD_SetupStageCallback)
    HAL_PCD_Start                            0x08001f85   Thumb Code    62  stm32f4xx_hal_pcd.o(.text.HAL_PCD_Start)
    HAL_PCD_SuspendCallback                  0x08001fc5   Thumb Code    52  usbd_conf.o(.text.HAL_PCD_SuspendCallback)
    HAL_RCC_ClockConfig                      0x08001ff9   Thumb Code   356  stm32f4xx_hal_rcc.o(.text.HAL_RCC_ClockConfig)
    HAL_RCC_GetHCLKFreq                      0x0800215d   Thumb Code    12  stm32f4xx_hal_rcc.o(.text.HAL_RCC_GetHCLKFreq)
    HAL_RCC_GetPCLK1Freq                     0x08002169   Thumb Code    38  stm32f4xx_hal_rcc.o(.text.HAL_RCC_GetPCLK1Freq)
    HAL_RCC_GetPCLK2Freq                     0x08002191   Thumb Code    38  stm32f4xx_hal_rcc.o(.text.HAL_RCC_GetPCLK2Freq)
    HAL_RCC_GetSysClockFreq                  0x080021b9   Thumb Code   108  stm32f4xx_hal_rcc.o(.text.HAL_RCC_GetSysClockFreq)
    HAL_RCC_OscConfig                        0x08002225   Thumb Code   940  stm32f4xx_hal_rcc.o(.text.HAL_RCC_OscConfig)
    HAL_SYSTICK_Config                       0x080025d1   Thumb Code    44  stm32f4xx_hal_cortex.o(.text.HAL_SYSTICK_Config)
    HAL_UART_Init                            0x080025fd   Thumb Code    96  stm32f4xx_hal_uart.o(.text.HAL_UART_Init)
    HAL_UART_MspInit                         0x0800265d   Thumb Code   116  stm32f4xx_hal_msp.o(.text.HAL_UART_MspInit)
    HardFault_Handler                        0x080026d1   Thumb Code     2  stm32f4xx_it.o(.text.HardFault_Handler)
    MX_USB_DEVICE_Init                       0x08002af1   Thumb Code   114  usb_device.o(.text.MX_USB_DEVICE_Init)
    MemManage_Handler                        0x08002b65   Thumb Code     2  stm32f4xx_it.o(.text.MemManage_Handler)
    NMI_Handler                              0x08002b69   Thumb Code     2  stm32f4xx_it.o(.text.NMI_Handler)
    OTG_FS_IRQHandler                        0x08002b6d   Thumb Code    12  stm32f4xx_it.o(.text.OTG_FS_IRQHandler)
    PendSV_Handler                           0x08002b79   Thumb Code     2  stm32f4xx_it.o(.text.PendSV_Handler)
    SSD1306_Fill                             0x08002b7d   Thumb Code    28  ssd1306.o(.text.SSD1306_Fill)
    SSD1306_GotoXY                           0x08002b99   Thumb Code    14  ssd1306.o(.text.SSD1306_GotoXY)
    SSD1306_Init                             0x08002ba9   Thumb Code   772  ssd1306.o(.text.SSD1306_Init)
    SSD1306_Putc                             0x08002ead   Thumb Code   282  ssd1306.o(.text.SSD1306_Putc)
    SSD1306_Puts                             0x08002fc9   Thumb Code    56  ssd1306.o(.text.SSD1306_Puts)
    SSD1306_UpdateScreen                     0x08003001   Thumb Code   160  ssd1306.o(.text.SSD1306_UpdateScreen)
    SVC_Handler                              0x080030a1   Thumb Code     2  stm32f4xx_it.o(.text.SVC_Handler)
    SysTick_Handler                          0x080030a5   Thumb Code     4  stm32f4xx_it.o(.text.SysTick_Handler)
    SystemClock_Config                       0x080030a9   Thumb Code   172  main.o(.text.SystemClock_Config)
    SystemInit                               0x08003155   Thumb Code    18  system_stm32f4xx.o(.text.SystemInit)
    USBD_CDC_GetDeviceQualifierDescriptor    0x08003399   Thumb Code    16  usbd_cdc.o(.text.USBD_CDC_GetDeviceQualifierDescriptor)
    USBD_CDC_ReceivePacket                   0x08003571   Thumb Code    52  usbd_cdc.o(.text.USBD_CDC_ReceivePacket)
    USBD_CDC_RegisterInterface               0x080035a5   Thumb Code    24  usbd_cdc.o(.text.USBD_CDC_RegisterInterface)
    USBD_CDC_SetRxBuffer                     0x080035bd   Thumb Code    26  usbd_cdc.o(.text.USBD_CDC_SetRxBuffer)
    USBD_CDC_SetTxBuffer                     0x080035d9   Thumb Code    30  usbd_cdc.o(.text.USBD_CDC_SetTxBuffer)
    USBD_ClrClassConfig                      0x080036e1   Thumb Code    18  usbd_core.o(.text.USBD_ClrClassConfig)
    USBD_CoreFindEP                          0x080036f5   Thumb Code     4  usbd_core.o(.text.USBD_CoreFindEP)
    USBD_CoreFindIF                          0x080036f9   Thumb Code     4  usbd_core.o(.text.USBD_CoreFindIF)
    USBD_CtlContinueRx                       0x080036fd   Thumb Code    16  usbd_ioreq.o(.text.USBD_CtlContinueRx)
    USBD_CtlContinueSendData                 0x0800370d   Thumb Code    16  usbd_ioreq.o(.text.USBD_CtlContinueSendData)
    USBD_CtlError                            0x0800371d   Thumb Code    22  usbd_ctlreq.o(.text.USBD_CtlError)
    USBD_CtlPrepareRx                        0x08003735   Thumb Code    26  usbd_ioreq.o(.text.USBD_CtlPrepareRx)
    USBD_CtlReceiveStatus                    0x08003751   Thumb Code    22  usbd_ioreq.o(.text.USBD_CtlReceiveStatus)
    USBD_CtlSendData                         0x08003769   Thumb Code    26  usbd_ioreq.o(.text.USBD_CtlSendData)
    USBD_CtlSendStatus                       0x08003785   Thumb Code    22  usbd_ioreq.o(.text.USBD_CtlSendStatus)
    USBD_FS_ConfigStrDescriptor              0x0800379d   Thumb Code    24  usbd_desc.o(.text.USBD_FS_ConfigStrDescriptor)
    USBD_FS_DeviceDescriptor                 0x080037c1   Thumb Code    14  usbd_desc.o(.text.USBD_FS_DeviceDescriptor)
    USBD_FS_InterfaceStrDescriptor           0x080037d1   Thumb Code    24  usbd_desc.o(.text.USBD_FS_InterfaceStrDescriptor)
    USBD_FS_LangIDStrDescriptor              0x080037f9   Thumb Code    14  usbd_desc.o(.text.USBD_FS_LangIDStrDescriptor)
    USBD_FS_ManufacturerStrDescriptor        0x08003809   Thumb Code    24  usbd_desc.o(.text.USBD_FS_ManufacturerStrDescriptor)
    USBD_FS_ProductStrDescriptor             0x08003835   Thumb Code    24  usbd_desc.o(.text.USBD_FS_ProductStrDescriptor)
    USBD_FS_SerialStrDescriptor              0x08003865   Thumb Code   368  usbd_desc.o(.text.USBD_FS_SerialStrDescriptor)
    USBD_GetEpDesc                           0x080039d5   Thumb Code   132  usbd_core.o(.text.USBD_GetEpDesc)
    USBD_GetString                           0x08003a59   Thumb Code   254  usbd_ctlreq.o(.text.USBD_GetString)
    USBD_Init                                0x08003b59   Thumb Code    42  usbd_core.o(.text.USBD_Init)
    USBD_LL_ClearStallEP                     0x08003b85   Thumb Code    34  usbd_conf.o(.text.USBD_LL_ClearStallEP)
    USBD_LL_CloseEP                          0x08003ba9   Thumb Code    34  usbd_conf.o(.text.USBD_LL_CloseEP)
    USBD_LL_DataInStage                      0x08003bcd   Thumb Code   182  usbd_core.o(.text.USBD_LL_DataInStage)
    USBD_LL_DataOutStage                     0x08003c85   Thumb Code   112  usbd_core.o(.text.USBD_LL_DataOutStage)
    USBD_LL_DevConnected                     0x08003cf5   Thumb Code     4  usbd_core.o(.text.USBD_LL_DevConnected)
    USBD_LL_DevDisconnected                  0x08003cf9   Thumb Code    34  usbd_core.o(.text.USBD_LL_DevDisconnected)
    USBD_LL_GetRxDataSize                    0x08003d1d   Thumb Code     8  usbd_conf.o(.text.USBD_LL_GetRxDataSize)
    USBD_LL_Init                             0x08003d25   Thumb Code   110  usbd_conf.o(.text.USBD_LL_Init)
    USBD_LL_IsStallEP                        0x08003d95   Thumb Code    42  usbd_conf.o(.text.USBD_LL_IsStallEP)
    USBD_LL_IsoINIncomplete                  0x08003dc1   Thumb Code    44  usbd_core.o(.text.USBD_LL_IsoINIncomplete)
    USBD_LL_IsoOUTIncomplete                 0x08003ded   Thumb Code    44  usbd_core.o(.text.USBD_LL_IsoOUTIncomplete)
    USBD_LL_OpenEP                           0x08003e19   Thumb Code    40  usbd_conf.o(.text.USBD_LL_OpenEP)
    USBD_LL_PrepareReceive                   0x08003e41   Thumb Code    34  usbd_conf.o(.text.USBD_LL_PrepareReceive)
    USBD_LL_Reset                            0x08003e65   Thumb Code    96  usbd_core.o(.text.USBD_LL_Reset)
    USBD_LL_Resume                           0x08003ec5   Thumb Code    20  usbd_core.o(.text.USBD_LL_Resume)
    USBD_LL_SOF                              0x08003ed9   Thumb Code    30  usbd_core.o(.text.USBD_LL_SOF)
    USBD_LL_SetSpeed                         0x08003ef9   Thumb Code     8  usbd_core.o(.text.USBD_LL_SetSpeed)
    USBD_LL_SetUSBAddress                    0x08003f01   Thumb Code    34  usbd_conf.o(.text.USBD_LL_SetUSBAddress)
    USBD_LL_SetupStage                       0x08003f25   Thumb Code    98  usbd_core.o(.text.USBD_LL_SetupStage)
    USBD_LL_StallEP                          0x08003f89   Thumb Code    34  usbd_conf.o(.text.USBD_LL_StallEP)
    USBD_LL_Start                            0x08003fad   Thumb Code    34  usbd_conf.o(.text.USBD_LL_Start)
    USBD_LL_Suspend                          0x08003fd1   Thumb Code    28  usbd_core.o(.text.USBD_LL_Suspend)
    USBD_LL_Transmit                         0x08003fed   Thumb Code    34  usbd_conf.o(.text.USBD_LL_Transmit)
    USBD_ParseSetupRequest                   0x08004011   Thumb Code    22  usbd_ctlreq.o(.text.USBD_ParseSetupRequest)
    USBD_RegisterClass                       0x08004029   Thumb Code    66  usbd_core.o(.text.USBD_RegisterClass)
    USBD_SetClassConfig                      0x0800406d   Thumb Code    16  usbd_core.o(.text.USBD_SetClassConfig)
    USBD_Start                               0x0800407d   Thumb Code     4  usbd_core.o(.text.USBD_Start)
    USBD_StdDevReq                           0x08004081   Thumb Code   900  usbd_ctlreq.o(.text.USBD_StdDevReq)
    USBD_StdEPReq                            0x08004405   Thumb Code   358  usbd_ctlreq.o(.text.USBD_StdEPReq)
    USBD_StdItfReq                           0x0800456d   Thumb Code   120  usbd_ctlreq.o(.text.USBD_StdItfReq)
    USBD_static_free                         0x080045e5   Thumb Code     2  usbd_conf.o(.text.USBD_static_free)
    USBD_static_malloc                       0x080045e9   Thumb Code    10  usbd_conf.o(.text.USBD_static_malloc)
    USB_ActivateEndpoint                     0x080045f5   Thumb Code   130  stm32f4xx_ll_usb.o(.text.USB_ActivateEndpoint)
    USB_ActivateSetup                        0x08004679   Thumb Code    32  stm32f4xx_ll_usb.o(.text.USB_ActivateSetup)
    USB_CoreInit                             0x08004699   Thumb Code   530  stm32f4xx_ll_usb.o(.text.USB_CoreInit)
    USB_DeactivateEndpoint                   0x080048ad   Thumb Code   130  stm32f4xx_ll_usb.o(.text.USB_DeactivateEndpoint)
    USB_DevConnect                           0x08004931   Thumb Code    30  stm32f4xx_ll_usb.o(.text.USB_DevConnect)
    USB_DevDisconnect                        0x08004951   Thumb Code    30  stm32f4xx_ll_usb.o(.text.USB_DevDisconnect)
    USB_DevInit                              0x08004971   Thumb Code  1206  stm32f4xx_ll_usb.o(.text.USB_DevInit)
    USB_DisableGlobalInt                     0x08004e29   Thumb Code    14  stm32f4xx_ll_usb.o(.text.USB_DisableGlobalInt)
    USB_EP0_OutStart                         0x08004e39   Thumb Code    90  stm32f4xx_ll_usb.o(.text.USB_EP0_OutStart)
    USB_EPClearStall                         0x08004e95   Thumb Code    82  stm32f4xx_ll_usb.o(.text.USB_EPClearStall)
    USB_EPSetStall                           0x08004ee9   Thumb Code    62  stm32f4xx_ll_usb.o(.text.USB_EPSetStall)
    USB_EPStartXfer                          0x08004f29   Thumb Code   570  stm32f4xx_ll_usb.o(.text.USB_EPStartXfer)
    USB_EPStopXfer                           0x08005165   Thumb Code   270  stm32f4xx_ll_usb.o(.text.USB_EPStopXfer)
    USB_EnableGlobalInt                      0x08005275   Thumb Code    14  stm32f4xx_ll_usb.o(.text.USB_EnableGlobalInt)
    USB_FlushTxFifo                          0x08005285   Thumb Code   190  stm32f4xx_ll_usb.o(.text.USB_FlushTxFifo)
    USB_GetDevSpeed                          0x08005345   Thumb Code    26  stm32f4xx_ll_usb.o(.text.USB_GetDevSpeed)
    USB_GetMode                              0x08005361   Thumb Code     8  stm32f4xx_ll_usb.o(.text.USB_GetMode)
    USB_ReadDevAllInEpInterrupt              0x08005369   Thumb Code    14  stm32f4xx_ll_usb.o(.text.USB_ReadDevAllInEpInterrupt)
    USB_ReadDevAllOutEpInterrupt             0x08005379   Thumb Code    14  stm32f4xx_ll_usb.o(.text.USB_ReadDevAllOutEpInterrupt)
    USB_ReadDevInEPInterrupt                 0x08005389   Thumb Code    36  stm32f4xx_ll_usb.o(.text.USB_ReadDevInEPInterrupt)
    USB_ReadDevOutEPInterrupt                0x080053ad   Thumb Code    16  stm32f4xx_ll_usb.o(.text.USB_ReadDevOutEPInterrupt)
    USB_ReadInterrupts                       0x080053bd   Thumb Code     8  stm32f4xx_ll_usb.o(.text.USB_ReadInterrupts)
    USB_ReadPacket                           0x080053c5   Thumb Code   170  stm32f4xx_ll_usb.o(.text.USB_ReadPacket)
    USB_SetCurrentMode                       0x08005471   Thumb Code   872  stm32f4xx_ll_usb.o(.text.USB_SetCurrentMode)
    USB_SetDevAddress                        0x080057d9   Thumb Code    34  stm32f4xx_ll_usb.o(.text.USB_SetDevAddress)
    USB_SetTurnaroundTime                    0x080057fd   Thumb Code   280  stm32f4xx_ll_usb.o(.text.USB_SetTurnaroundTime)
    USB_WritePacket                          0x08005915   Thumb Code   106  stm32f4xx_ll_usb.o(.text.USB_WritePacket)
    UsageFault_Handler                       0x08005981   Thumb Code     2  stm32f4xx_it.o(.text.UsageFault_Handler)
    displayDigit                             0x08005985   Thumb Code   250  main.o(.text.displayDigit)
    main                                     0x08005a81   Thumb Code   504  main.o(.text.main)
    _fp_init                                 0x08005c81   Thumb Code    26  fpinit.o(x$fpl$fpinit)
    __fplib_config_fpu_vfp                   0x08005c99   Thumb Code     0  fpinit.o(x$fpl$fpinit)
    __fplib_config_pureend_doubles           0x08005c99   Thumb Code     0  fpinit.o(x$fpl$fpinit)
    AHBPrescTable                            0x08005c9a   Data          16  system_stm32f4xx.o(.rodata.AHBPrescTable)
    APBPrescTable                            0x08005caa   Data           8  system_stm32f4xx.o(.rodata.APBPrescTable)
    Font11x18                                0x08005cb2   Data        3420  fonts.o(.rodata.Font11x18)
    Font16x26                                0x08006a0e   Data        4940  fonts.o(.rodata.Font16x26)
    Region$$Table$$Base                      0x08007d68   Number         0  anon$$obj.o(Region$$Table)
    Region$$Table$$Limit                     0x08007d88   Number         0  anon$$obj.o(Region$$Table)
    digitPins                                0x20000000   Data           4  main.o(.data..L_MergedGlobals)
    segmentPins                              0x20000004   Data          14  main.o(.data..L_MergedGlobals)
    digitPatterns                            0x20000012   Data          70  main.o(.data..L_MergedGlobals)
    uwTickFreq                               0x20000058   Data           1  stm32f4xx_hal.o(.data..L_MergedGlobals)
    uwTickPrio                               0x2000005c   Data           4  stm32f4xx_hal.o(.data..L_MergedGlobals)
    FS_Desc                                  0x20000060   Data          28  usbd_desc.o(.data.FS_Desc)
    Font_11x18                               0x2000007c   Data           8  fonts.o(.data.Font_11x18)
    Font_16x26                               0x20000084   Data           8  fonts.o(.data.Font_16x26)
    SystemCoreClock                          0x2000008c   Data           4  system_stm32f4xx.o(.data.SystemCoreClock)
    USBD_CDC                                 0x20000090   Data          56  usbd_cdc.o(.data.USBD_CDC)
    USBD_FS_DeviceDesc                       0x20000118   Data          18  usbd_desc.o(.data.USBD_FS_DeviceDesc)
    USBD_Interface_fops_FS                   0x2000012c   Data          20  usbd_cdc_if.o(.data.USBD_Interface_fops_FS)
    USBD_LangIDDesc                          0x20000140   Data           4  usbd_desc.o(.data.USBD_LangIDDesc)
    USBD_StringSerial                        0x20000144   Data          26  usbd_desc.o(.data.USBD_StringSerial)
    __libspace_start                         0x20000160   Data          96  libspace.o(.bss)
    __temporary_stack_top$libspace           0x200001c0   Data           0  libspace.o(.bss)
    received_flag                            0x200001c6   Data           1  usbd_cdc_if.o(.bss..L_MergedGlobals)
    CDC_Buffer                               0x200001c7   Data          64  usbd_cdc_if.o(.bss..L_MergedGlobals)
    USBD_StrDesc                             0x2000060c   Data         512  usbd_desc.o(.bss.USBD_StrDesc)
    UserRxBufferFS                           0x20000a2c   Data        2048  usbd_cdc_if.o(.bss.UserRxBufferFS)
    UserTxBufferFS                           0x2000122c   Data        2048  usbd_cdc_if.o(.bss.UserTxBufferFS)
    hUsbDeviceFS                             0x20001a2c   Data         732  usb_device.o(.bss.hUsbDeviceFS)
    hi2c1                                    0x20001d08   Data          84  main.o(.bss.hi2c1)
    hpcd_USB_OTG_FS                          0x20001d5c   Data        1252  usbd_conf.o(.bss.hpcd_USB_OTG_FS)
    huart2                                   0x20002240   Data          72  main.o(.bss.huart2)
    uwTick                                   0x20002288   Data           4  stm32f4xx_hal.o(.bss.uwTick)



==============================================================================

Memory Map of the image

  Image Entry point : 0x08000189

  Load Region LR_IROM1 (Base: 0x08000000, Size: 0x00007ee8, Max: 0x00100000, ABSOLUTE, COMPRESSED[0x00007e70])

    Execution Region ER_IROM1 (Exec base: 0x08000000, Load base: 0x08000000, Size: 0x00007d88, Max: 0x00100000, ABSOLUTE)

    Exec Addr    Load Addr    Size         Type   Attr      Idx    E Section Name        Object

    0x08000000   0x08000000   0x00000188   Data   RO            3    RESET               startup_stm32f407xx.o
    0x08000188   0x08000188   0x00000008   Code   RO         1312  * !!!main             c_w.l(__main.o)
    0x08000190   0x08000190   0x0000005c   Code   RO         1493    !!!scatter          c_w.l(__scatter.o)
    0x080001ec   0x080001ec   0x0000005a   Code   RO         1491    !!dczerorl2         c_w.l(__dczerorl2.o)
    0x08000246   0x08000246   0x00000002   PAD
    0x08000248   0x08000248   0x00000002   Code   RO         1494    !!handler_null      c_w.l(__scatter.o)
    0x0800024a   0x0800024a   0x00000002   PAD
    0x0800024c   0x0800024c   0x0000001c   Code   RO         1497    !!handler_zi        c_w.l(__scatter_zi.o)
    0x08000268   0x08000268   0x00000002   Code   RO         1353    .ARM.Collect$$libinit$$00000000  c_w.l(libinit.o)
    0x0800026a   0x0800026a   0x00000004   Code   RO         1365    .ARM.Collect$$libinit$$00000001  c_w.l(libinit2.o)
    0x0800026e   0x0800026e   0x00000000   Code   RO         1368    .ARM.Collect$$libinit$$00000004  c_w.l(libinit2.o)
    0x0800026e   0x0800026e   0x00000000   Code   RO         1370    .ARM.Collect$$libinit$$00000006  c_w.l(libinit2.o)
    0x0800026e   0x0800026e   0x00000000   Code   RO         1373    .ARM.Collect$$libinit$$0000000C  c_w.l(libinit2.o)
    0x0800026e   0x0800026e   0x00000000   Code   RO         1375    .ARM.Collect$$libinit$$0000000E  c_w.l(libinit2.o)
    0x0800026e   0x0800026e   0x00000000   Code   RO         1377    .ARM.Collect$$libinit$$00000010  c_w.l(libinit2.o)
    0x0800026e   0x0800026e   0x00000000   Code   RO         1380    .ARM.Collect$$libinit$$00000013  c_w.l(libinit2.o)
    0x0800026e   0x0800026e   0x00000000   Code   RO         1382    .ARM.Collect$$libinit$$00000015  c_w.l(libinit2.o)
    0x0800026e   0x0800026e   0x00000000   Code   RO         1384    .ARM.Collect$$libinit$$00000017  c_w.l(libinit2.o)
    0x0800026e   0x0800026e   0x00000000   Code   RO         1386    .ARM.Collect$$libinit$$00000019  c_w.l(libinit2.o)
    0x0800026e   0x0800026e   0x00000000   Code   RO         1388    .ARM.Collect$$libinit$$0000001B  c_w.l(libinit2.o)
    0x0800026e   0x0800026e   0x00000000   Code   RO         1390    .ARM.Collect$$libinit$$0000001D  c_w.l(libinit2.o)
    0x0800026e   0x0800026e   0x00000000   Code   RO         1392    .ARM.Collect$$libinit$$0000001F  c_w.l(libinit2.o)
    0x0800026e   0x0800026e   0x00000000   Code   RO         1394    .ARM.Collect$$libinit$$00000021  c_w.l(libinit2.o)
    0x0800026e   0x0800026e   0x00000000   Code   RO         1396    .ARM.Collect$$libinit$$00000023  c_w.l(libinit2.o)
    0x0800026e   0x0800026e   0x00000000   Code   RO         1398    .ARM.Collect$$libinit$$00000025  c_w.l(libinit2.o)
    0x0800026e   0x0800026e   0x00000000   Code   RO         1400    .ARM.Collect$$libinit$$00000027  c_w.l(libinit2.o)
    0x0800026e   0x0800026e   0x00000000   Code   RO         1404    .ARM.Collect$$libinit$$0000002E  c_w.l(libinit2.o)
    0x0800026e   0x0800026e   0x00000000   Code   RO         1406    .ARM.Collect$$libinit$$00000030  c_w.l(libinit2.o)
    0x0800026e   0x0800026e   0x00000000   Code   RO         1408    .ARM.Collect$$libinit$$00000032  c_w.l(libinit2.o)
    0x0800026e   0x0800026e   0x00000000   Code   RO         1410    .ARM.Collect$$libinit$$00000034  c_w.l(libinit2.o)
    0x0800026e   0x0800026e   0x00000002   Code   RO         1411    .ARM.Collect$$libinit$$00000035  c_w.l(libinit2.o)
    0x08000270   0x08000270   0x00000002   Code   RO         1446    .ARM.Collect$$libshutdown$$00000000  c_w.l(libshutdown.o)
    0x08000272   0x08000272   0x00000000   Code   RO         1474    .ARM.Collect$$libshutdown$$00000002  c_w.l(libshutdown2.o)
    0x08000272   0x08000272   0x00000000   Code   RO         1476    .ARM.Collect$$libshutdown$$00000004  c_w.l(libshutdown2.o)
    0x08000272   0x08000272   0x00000000   Code   RO         1479    .ARM.Collect$$libshutdown$$00000007  c_w.l(libshutdown2.o)
    0x08000272   0x08000272   0x00000000   Code   RO         1482    .ARM.Collect$$libshutdown$$0000000A  c_w.l(libshutdown2.o)
    0x08000272   0x08000272   0x00000000   Code   RO         1484    .ARM.Collect$$libshutdown$$0000000C  c_w.l(libshutdown2.o)
    0x08000272   0x08000272   0x00000000   Code   RO         1487    .ARM.Collect$$libshutdown$$0000000F  c_w.l(libshutdown2.o)
    0x08000272   0x08000272   0x00000002   Code   RO         1488    .ARM.Collect$$libshutdown$$00000010  c_w.l(libshutdown2.o)
    0x08000274   0x08000274   0x00000000   Code   RO         1314    .ARM.Collect$$rtentry$$00000000  c_w.l(__rtentry.o)
    0x08000274   0x08000274   0x00000000   Code   RO         1324    .ARM.Collect$$rtentry$$00000002  c_w.l(__rtentry2.o)
    0x08000274   0x08000274   0x00000006   Code   RO         1336    .ARM.Collect$$rtentry$$00000004  c_w.l(__rtentry4.o)
    0x0800027a   0x0800027a   0x00000000   Code   RO         1326    .ARM.Collect$$rtentry$$00000009  c_w.l(__rtentry2.o)
    0x0800027a   0x0800027a   0x00000004   Code   RO         1327    .ARM.Collect$$rtentry$$0000000A  c_w.l(__rtentry2.o)
    0x0800027e   0x0800027e   0x00000000   Code   RO         1329    .ARM.Collect$$rtentry$$0000000C  c_w.l(__rtentry2.o)
    0x0800027e   0x0800027e   0x00000008   Code   RO         1330    .ARM.Collect$$rtentry$$0000000D  c_w.l(__rtentry2.o)
    0x08000286   0x08000286   0x00000002   Code   RO         1357    .ARM.Collect$$rtexit$$00000000  c_w.l(rtexit.o)
    0x08000288   0x08000288   0x00000000   Code   RO         1417    .ARM.Collect$$rtexit$$00000002  c_w.l(rtexit2.o)
    0x08000288   0x08000288   0x00000004   Code   RO         1418    .ARM.Collect$$rtexit$$00000003  c_w.l(rtexit2.o)
    0x0800028c   0x0800028c   0x00000006   Code   RO         1419    .ARM.Collect$$rtexit$$00000004  c_w.l(rtexit2.o)
    0x08000292   0x08000292   0x00000002   PAD
    0x08000294   0x08000294   0x00000040   Code   RO            4    .text               startup_stm32f407xx.o
    0x080002d4   0x080002d4   0x000000f0   Code   RO         1296    .text               c_w.l(lludivv7m.o)
    0x080003c4   0x080003c4   0x0000008a   Code   RO         1302    .text               c_w.l(rt_memcpy_v6.o)
    0x0800044e   0x0800044e   0x00000010   Code   RO         1304    .text               c_w.l(aeabi_memset4.o)
    0x0800045e   0x0800045e   0x0000004e   Code   RO         1306    .text               c_w.l(rt_memclr_w.o)
    0x080004ac   0x080004ac   0x00000056   Code   RO         1308    .text               c_w.l(strncpy.o)
    0x08000502   0x08000502   0x00000006   Code   RO         1310    .text               c_w.l(heapauxi.o)
    0x08000508   0x08000508   0x00000064   Code   RO         1319    .text               c_w.l(rt_memcpy_w.o)
    0x0800056c   0x0800056c   0x00000044   Code   RO         1321    .text               c_w.l(rt_memclr.o)
    0x080005b0   0x080005b0   0x0000004a   Code   RO         1340    .text               c_w.l(sys_stackheap_outer.o)
    0x080005fa   0x080005fa   0x00000012   Code   RO         1342    .text               c_w.l(exit.o)
    0x0800060c   0x0800060c   0x00000008   Code   RO         1354    .text               c_w.l(libspace.o)
    0x08000614   0x08000614   0x0000000c   Code   RO         1412    .text               c_w.l(sys_exit.o)
    0x08000620   0x08000620   0x00000002   Code   RO         1435    .text               c_w.l(use_no_semi.o)
    0x08000622   0x08000622   0x00000000   Code   RO         1437    .text               c_w.l(indicate_semi.o)
    0x08000622   0x08000622   0x00000002   PAD
    0x08000624   0x08000624   0x00000002   Code   RO          125    .text.BusFault_Handler  stm32f4xx_it.o
    0x08000626   0x08000626   0x00000002   PAD
    0x08000628   0x08000628   0x00000004   Code   RO          204    .text.CDC_Control_FS  usbd_cdc_if.o
    0x0800062c   0x0800062c   0x00000004   Code   RO          202    .text.CDC_DeInit_FS  usbd_cdc_if.o
    0x08000630   0x08000630   0x0000002c   Code   RO          200    .text.CDC_Init_FS   usbd_cdc_if.o
    0x0800065c   0x0800065c   0x0000003c   Code   RO          206    .text.CDC_Receive_FS  usbd_cdc_if.o
    0x08000698   0x08000698   0x00000004   Code   RO          208    .text.CDC_TransmitCplt_FS  usbd_cdc_if.o
    0x0800069c   0x0800069c   0x00000002   Code   RO          131    .text.DebugMon_Handler  stm32f4xx_it.o
    0x0800069e   0x0800069e   0x00000002   PAD
    0x080006a0   0x080006a0   0x00000006   Code   RO          104    .text.Error_Handler  main.o
    0x080006a6   0x080006a6   0x00000002   PAD
    0x080006a8   0x080006a8   0x00000028   Code   RO          809    .text.HAL_Delay     stm32f4xx_hal.o
    0x080006d0   0x080006d0   0x0000019e   Code   RO          604    .text.HAL_GPIO_Init  stm32f4xx_hal_gpio.o
    0x0800086e   0x0800086e   0x00000002   PAD
    0x08000870   0x08000870   0x0000000a   Code   RO          610    .text.HAL_GPIO_WritePin  stm32f4xx_hal_gpio.o
    0x0800087a   0x0800087a   0x00000002   PAD
    0x0800087c   0x0800087c   0x0000000c   Code   RO          801    .text.HAL_GetTick   stm32f4xx_hal.o
    0x08000888   0x08000888   0x00000164   Code   RO          879    .text.HAL_I2C_Init  stm32f4xx_hal_i2c.o
    0x080009ec   0x080009ec   0x00000214   Code   RO          939    .text.HAL_I2C_IsDeviceReady  stm32f4xx_hal_i2c.o
    0x08000c00   0x08000c00   0x000001dc   Code   RO          887    .text.HAL_I2C_Master_Transmit  stm32f4xx_hal_i2c.o
    0x08000ddc   0x08000ddc   0x00000074   Code   RO          148    .text.HAL_I2C_MspInit  stm32f4xx_hal_msp.o
    0x08000e50   0x08000e50   0x0000001a   Code   RO          799    .text.HAL_IncTick   stm32f4xx_hal.o
    0x08000e6a   0x08000e6a   0x00000002   PAD
    0x08000e6c   0x08000e6c   0x00000036   Code   RO          789    .text.HAL_Init      stm32f4xx_hal.o
    0x08000ea2   0x08000ea2   0x00000002   PAD
    0x08000ea4   0x08000ea4   0x00000048   Code   RO          791    .text.HAL_InitTick  stm32f4xx_hal.o
    0x08000eec   0x08000eec   0x00000038   Code   RO          146    .text.HAL_MspInit   stm32f4xx_hal_msp.o
    0x08000f24   0x08000f24   0x00000022   Code   RO          741    .text.HAL_NVIC_EnableIRQ  stm32f4xx_hal_cortex.o
    0x08000f46   0x08000f46   0x00000002   PAD
    0x08000f48   0x08000f48   0x00000056   Code   RO          739    .text.HAL_NVIC_SetPriority  stm32f4xx_hal_cortex.o
    0x08000f9e   0x08000f9e   0x00000002   PAD
    0x08000fa0   0x08000fa0   0x00000020   Code   RO          737    .text.HAL_NVIC_SetPriorityGrouping  stm32f4xx_hal_cortex.o
    0x08000fc0   0x08000fc0   0x00000002   Code   RO          378    .text.HAL_PCDEx_LPM_Callback  stm32f4xx_hal_pcd_ex.o
    0x08000fc2   0x08000fc2   0x00000002   PAD
    0x08000fc4   0x08000fc4   0x00000008   Code   RO          376    .text.HAL_PCDEx_SetRxFiFo  stm32f4xx_hal_pcd_ex.o
    0x08000fcc   0x08000fcc   0x000000ce   Code   RO          374    .text.HAL_PCDEx_SetTxFiFo  stm32f4xx_hal_pcd_ex.o
    0x0800109a   0x0800109a   0x00000002   PAD
    0x0800109c   0x0800109c   0x00000008   Code   RO          246    .text.HAL_PCD_ConnectCallback  usbd_conf.o
    0x080010a4   0x080010a4   0x00000014   Code   RO          232    .text.HAL_PCD_DataInStageCallback  usbd_conf.o
    0x080010b8   0x080010b8   0x00000016   Code   RO          230    .text.HAL_PCD_DataOutStageCallback  usbd_conf.o
    0x080010ce   0x080010ce   0x00000002   PAD
    0x080010d0   0x080010d0   0x00000008   Code   RO          248    .text.HAL_PCD_DisconnectCallback  usbd_conf.o
    0x080010d8   0x080010d8   0x0000004e   Code   RO          344    .text.HAL_PCD_EP_Close  stm32f4xx_hal_pcd.o
    0x08001126   0x08001126   0x00000002   PAD
    0x08001128   0x08001128   0x00000060   Code   RO          354    .text.HAL_PCD_EP_ClrStall  stm32f4xx_hal_pcd.o
    0x08001188   0x08001188   0x00000012   Code   RO          348    .text.HAL_PCD_EP_GetRxCount  stm32f4xx_hal_pcd.o
    0x0800119a   0x0800119a   0x00000002   PAD
    0x0800119c   0x0800119c   0x00000074   Code   RO          342    .text.HAL_PCD_EP_Open  stm32f4xx_hal_pcd.o
    0x08001210   0x08001210   0x00000042   Code   RO          346    .text.HAL_PCD_EP_Receive  stm32f4xx_hal_pcd.o
    0x08001252   0x08001252   0x00000002   PAD
    0x08001254   0x08001254   0x0000006e   Code   RO          352    .text.HAL_PCD_EP_SetStall  stm32f4xx_hal_pcd.o
    0x080012c2   0x080012c2   0x00000002   PAD
    0x080012c4   0x080012c4   0x0000003a   Code   RO          350    .text.HAL_PCD_EP_Transmit  stm32f4xx_hal_pcd.o
    0x080012fe   0x080012fe   0x00000002   PAD
    0x08001300   0x08001300   0x00000906   Code   RO          308    .text.HAL_PCD_IRQHandler  stm32f4xx_hal_pcd.o
    0x08001c06   0x08001c06   0x00000002   PAD
    0x08001c08   0x08001c08   0x00000008   Code   RO          244    .text.HAL_PCD_ISOINIncompleteCallback  usbd_conf.o
    0x08001c10   0x08001c10   0x00000008   Code   RO          242    .text.HAL_PCD_ISOOUTIncompleteCallback  usbd_conf.o
    0x08001c18   0x08001c18   0x0000026e   Code   RO          296    .text.HAL_PCD_Init  stm32f4xx_hal_pcd.o
    0x08001e86   0x08001e86   0x00000002   PAD
    0x08001e88   0x08001e88   0x00000088   Code   RO          224    .text.HAL_PCD_MspInit  usbd_conf.o
    0x08001f10   0x08001f10   0x0000002a   Code   RO          236    .text.HAL_PCD_ResetCallback  usbd_conf.o
    0x08001f3a   0x08001f3a   0x00000002   PAD
    0x08001f3c   0x08001f3c   0x00000008   Code   RO          240    .text.HAL_PCD_ResumeCallback  usbd_conf.o
    0x08001f44   0x08001f44   0x00000008   Code   RO          234    .text.HAL_PCD_SOFCallback  usbd_conf.o
    0x08001f4c   0x08001f4c   0x00000028   Code   RO          340    .text.HAL_PCD_SetAddress  stm32f4xx_hal_pcd.o
    0x08001f74   0x08001f74   0x0000000e   Code   RO          228    .text.HAL_PCD_SetupStageCallback  usbd_conf.o
    0x08001f82   0x08001f82   0x00000002   PAD
    0x08001f84   0x08001f84   0x0000003e   Code   RO          304    .text.HAL_PCD_Start  stm32f4xx_hal_pcd.o
    0x08001fc2   0x08001fc2   0x00000002   PAD
    0x08001fc4   0x08001fc4   0x00000034   Code   RO          238    .text.HAL_PCD_SuspendCallback  usbd_conf.o
    0x08001ff8   0x08001ff8   0x00000164   Code   RO          498    .text.HAL_RCC_ClockConfig  stm32f4xx_hal_rcc.o
    0x0800215c   0x0800215c   0x0000000c   Code   RO          508    .text.HAL_RCC_GetHCLKFreq  stm32f4xx_hal_rcc.o
    0x08002168   0x08002168   0x00000026   Code   RO          510    .text.HAL_RCC_GetPCLK1Freq  stm32f4xx_hal_rcc.o
    0x0800218e   0x0800218e   0x00000002   PAD
    0x08002190   0x08002190   0x00000026   Code   RO          512    .text.HAL_RCC_GetPCLK2Freq  stm32f4xx_hal_rcc.o
    0x080021b6   0x080021b6   0x00000002   PAD
    0x080021b8   0x080021b8   0x0000006c   Code   RO          500    .text.HAL_RCC_GetSysClockFreq  stm32f4xx_hal_rcc.o
    0x08002224   0x08002224   0x000003ac   Code   RO          496    .text.HAL_RCC_OscConfig  stm32f4xx_hal_rcc.o
    0x080025d0   0x080025d0   0x0000002c   Code   RO          749    .text.HAL_SYSTICK_Config  stm32f4xx_hal_cortex.o
    0x080025fc   0x080025fc   0x00000060   Code   RO         1018    .text.HAL_UART_Init  stm32f4xx_hal_uart.o
    0x0800265c   0x0800265c   0x00000074   Code   RO          152    .text.HAL_UART_MspInit  stm32f4xx_hal_msp.o
    0x080026d0   0x080026d0   0x00000002   Code   RO          121    .text.HardFault_Handler  stm32f4xx_it.o
    0x080026d2   0x080026d2   0x00000002   PAD
    0x080026d4   0x080026d4   0x000000ba   Code   RO          893    .text.I2C_WaitOnBTFFlagUntilTimeout  stm32f4xx_hal_i2c.o
    0x0800278e   0x0800278e   0x00000002   PAD
    0x08002790   0x08002790   0x000001ca   Code   RO          889    .text.I2C_WaitOnFlagUntilTimeout  stm32f4xx_hal_i2c.o
    0x0800295a   0x0800295a   0x00000002   PAD
    0x0800295c   0x0800295c   0x000000d6   Code   RO         1007    .text.I2C_WaitOnMasterAddressFlagUntilTimeout  stm32f4xx_hal_i2c.o
    0x08002a32   0x08002a32   0x00000002   PAD
    0x08002a34   0x08002a34   0x000000ba   Code   RO          891    .text.I2C_WaitOnTXEFlagUntilTimeout  stm32f4xx_hal_i2c.o
    0x08002aee   0x08002aee   0x00000002   PAD
    0x08002af0   0x08002af0   0x00000072   Code   RO          164    .text.MX_USB_DEVICE_Init  usb_device.o
    0x08002b62   0x08002b62   0x00000002   PAD
    0x08002b64   0x08002b64   0x00000002   Code   RO          123    .text.MemManage_Handler  stm32f4xx_it.o
    0x08002b66   0x08002b66   0x00000002   PAD
    0x08002b68   0x08002b68   0x00000002   Code   RO          119    .text.NMI_Handler   stm32f4xx_it.o
    0x08002b6a   0x08002b6a   0x00000002   PAD
    0x08002b6c   0x08002b6c   0x0000000c   Code   RO          137    .text.OTG_FS_IRQHandler  stm32f4xx_it.o
    0x08002b78   0x08002b78   0x00000002   Code   RO          133    .text.PendSV_Handler  stm32f4xx_it.o
    0x08002b7a   0x08002b7a   0x00000002   PAD
    0x08002b7c   0x08002b7c   0x0000001c   Code   RO           31    .text.SSD1306_Fill  ssd1306.o
    0x08002b98   0x08002b98   0x0000000e   Code   RO           39    .text.SSD1306_GotoXY  ssd1306.o
    0x08002ba6   0x08002ba6   0x00000002   PAD
    0x08002ba8   0x08002ba8   0x00000304   Code   RO           29    .text.SSD1306_Init  ssd1306.o
    0x08002eac   0x08002eac   0x0000011a   Code   RO           41    .text.SSD1306_Putc  ssd1306.o
    0x08002fc6   0x08002fc6   0x00000002   PAD
    0x08002fc8   0x08002fc8   0x00000038   Code   RO           43    .text.SSD1306_Puts  ssd1306.o
    0x08003000   0x08003000   0x000000a0   Code   RO           33    .text.SSD1306_UpdateScreen  ssd1306.o
    0x080030a0   0x080030a0   0x00000002   Code   RO          129    .text.SVC_Handler   stm32f4xx_it.o
    0x080030a2   0x080030a2   0x00000002   PAD
    0x080030a4   0x080030a4   0x00000004   Code   RO          135    .text.SysTick_Handler  stm32f4xx_it.o
    0x080030a8   0x080030a8   0x000000ac   Code   RO           94    .text.SystemClock_Config  main.o
    0x08003154   0x08003154   0x00000012   Code   RO         1280    .text.SystemInit    system_stm32f4xx.o
    0x08003166   0x08003166   0x00000002   PAD
    0x08003168   0x08003168   0x000000e6   Code   RO         1022    .text.UART_SetConfig  stm32f4xx_hal_uart.o
    0x0800324e   0x0800324e   0x00000002   PAD
    0x08003250   0x08003250   0x00000078   Code   RO         1247    .text.USBD_CDC_DataIn  usbd_cdc.o
    0x080032c8   0x080032c8   0x0000003c   Code   RO         1249    .text.USBD_CDC_DataOut  usbd_cdc.o
    0x08003304   0x08003304   0x0000005a   Code   RO         1241    .text.USBD_CDC_DeInit  usbd_cdc.o
    0x0800335e   0x0800335e   0x00000002   PAD
    0x08003360   0x08003360   0x00000038   Code   RO         1245    .text.USBD_CDC_EP0_RxReady  usbd_cdc.o
    0x08003398   0x08003398   0x00000010   Code   RO         1257    .text.USBD_CDC_GetDeviceQualifierDescriptor  usbd_cdc.o
    0x080033a8   0x080033a8   0x00000052   Code   RO         1253    .text.USBD_CDC_GetFSCfgDesc  usbd_cdc.o
    0x080033fa   0x080033fa   0x00000002   PAD
    0x080033fc   0x080033fc   0x00000056   Code   RO         1251    .text.USBD_CDC_GetHSCfgDesc  usbd_cdc.o
    0x08003452   0x08003452   0x00000002   PAD
    0x08003454   0x08003454   0x00000052   Code   RO         1255    .text.USBD_CDC_GetOtherSpeedCfgDesc  usbd_cdc.o
    0x080034a6   0x080034a6   0x00000002   PAD
    0x080034a8   0x080034a8   0x000000c8   Code   RO         1239    .text.USBD_CDC_Init  usbd_cdc.o
    0x08003570   0x08003570   0x00000034   Code   RO         1267    .text.USBD_CDC_ReceivePacket  usbd_cdc.o
    0x080035a4   0x080035a4   0x00000018   Code   RO         1259    .text.USBD_CDC_RegisterInterface  usbd_cdc.o
    0x080035bc   0x080035bc   0x0000001a   Code   RO         1263    .text.USBD_CDC_SetRxBuffer  usbd_cdc.o
    0x080035d6   0x080035d6   0x00000002   PAD
    0x080035d8   0x080035d8   0x0000001e   Code   RO         1261    .text.USBD_CDC_SetTxBuffer  usbd_cdc.o
    0x080035f6   0x080035f6   0x00000002   PAD
    0x080035f8   0x080035f8   0x000000e8   Code   RO         1243    .text.USBD_CDC_Setup  usbd_cdc.o
    0x080036e0   0x080036e0   0x00000012   Code   RO         1154    .text.USBD_ClrClassConfig  usbd_core.o
    0x080036f2   0x080036f2   0x00000002   PAD
    0x080036f4   0x080036f4   0x00000004   Code   RO         1162    .text.USBD_CoreFindEP  usbd_core.o
    0x080036f8   0x080036f8   0x00000004   Code   RO         1160    .text.USBD_CoreFindIF  usbd_core.o
    0x080036fc   0x080036fc   0x00000010   Code   RO         1223    .text.USBD_CtlContinueRx  usbd_ioreq.o
    0x0800370c   0x0800370c   0x00000010   Code   RO         1219    .text.USBD_CtlContinueSendData  usbd_ioreq.o
    0x0800371c   0x0800371c   0x00000016   Code   RO         1198    .text.USBD_CtlError  usbd_ctlreq.o
    0x08003732   0x08003732   0x00000002   PAD
    0x08003734   0x08003734   0x0000001a   Code   RO         1221    .text.USBD_CtlPrepareRx  usbd_ioreq.o
    0x0800374e   0x0800374e   0x00000002   PAD
    0x08003750   0x08003750   0x00000016   Code   RO         1227    .text.USBD_CtlReceiveStatus  usbd_ioreq.o
    0x08003766   0x08003766   0x00000002   PAD
    0x08003768   0x08003768   0x0000001a   Code   RO         1217    .text.USBD_CtlSendData  usbd_ioreq.o
    0x08003782   0x08003782   0x00000002   PAD
    0x08003784   0x08003784   0x00000016   Code   RO         1225    .text.USBD_CtlSendStatus  usbd_ioreq.o
    0x0800379a   0x0800379a   0x00000002   PAD
    0x0800379c   0x0800379c   0x00000024   Code   RO          183    .text.USBD_FS_ConfigStrDescriptor  usbd_desc.o
    0x080037c0   0x080037c0   0x0000000e   Code   RO          173    .text.USBD_FS_DeviceDescriptor  usbd_desc.o
    0x080037ce   0x080037ce   0x00000002   PAD
    0x080037d0   0x080037d0   0x00000028   Code   RO          185    .text.USBD_FS_InterfaceStrDescriptor  usbd_desc.o
    0x080037f8   0x080037f8   0x0000000e   Code   RO          175    .text.USBD_FS_LangIDStrDescriptor  usbd_desc.o
    0x08003806   0x08003806   0x00000002   PAD
    0x08003808   0x08003808   0x0000002c   Code   RO          177    .text.USBD_FS_ManufacturerStrDescriptor  usbd_desc.o
    0x08003834   0x08003834   0x00000030   Code   RO          179    .text.USBD_FS_ProductStrDescriptor  usbd_desc.o
    0x08003864   0x08003864   0x00000170   Code   RO          181    .text.USBD_FS_SerialStrDescriptor  usbd_desc.o
    0x080039d4   0x080039d4   0x00000084   Code   RO         1184    .text.USBD_GetEpDesc  usbd_core.o
    0x08003a58   0x08003a58   0x000000fe   Code   RO         1206    .text.USBD_GetString  usbd_ctlreq.o
    0x08003b56   0x08003b56   0x00000002   PAD
    0x08003b58   0x08003b58   0x0000002a   Code   RO         1140    .text.USBD_Init     usbd_core.o
    0x08003b82   0x08003b82   0x00000002   PAD
    0x08003b84   0x08003b84   0x00000022   Code   RO          268    .text.USBD_LL_ClearStallEP  usbd_conf.o
    0x08003ba6   0x08003ba6   0x00000002   PAD
    0x08003ba8   0x08003ba8   0x00000022   Code   RO          262    .text.USBD_LL_CloseEP  usbd_conf.o
    0x08003bca   0x08003bca   0x00000002   PAD
    0x08003bcc   0x08003bcc   0x000000b6   Code   RO         1164    .text.USBD_LL_DataInStage  usbd_core.o
    0x08003c82   0x08003c82   0x00000002   PAD
    0x08003c84   0x08003c84   0x00000070   Code   RO         1158    .text.USBD_LL_DataOutStage  usbd_core.o
    0x08003cf4   0x08003cf4   0x00000004   Code   RO         1180    .text.USBD_LL_DevConnected  usbd_core.o
    0x08003cf8   0x08003cf8   0x00000022   Code   RO         1182    .text.USBD_LL_DevDisconnected  usbd_core.o
    0x08003d1a   0x08003d1a   0x00000002   PAD
    0x08003d1c   0x08003d1c   0x00000008   Code   RO          278    .text.USBD_LL_GetRxDataSize  usbd_conf.o
    0x08003d24   0x08003d24   0x0000006e   Code   RO          250    .text.USBD_LL_Init  usbd_conf.o
    0x08003d92   0x08003d92   0x00000002   PAD
    0x08003d94   0x08003d94   0x0000002a   Code   RO          270    .text.USBD_LL_IsStallEP  usbd_conf.o
    0x08003dbe   0x08003dbe   0x00000002   PAD
    0x08003dc0   0x08003dc0   0x0000002c   Code   RO         1176    .text.USBD_LL_IsoINIncomplete  usbd_core.o
    0x08003dec   0x08003dec   0x0000002c   Code   RO         1178    .text.USBD_LL_IsoOUTIncomplete  usbd_core.o
    0x08003e18   0x08003e18   0x00000028   Code   RO          260    .text.USBD_LL_OpenEP  usbd_conf.o
    0x08003e40   0x08003e40   0x00000022   Code   RO          276    .text.USBD_LL_PrepareReceive  usbd_conf.o
    0x08003e62   0x08003e62   0x00000002   PAD
    0x08003e64   0x08003e64   0x00000060   Code   RO         1166    .text.USBD_LL_Reset  usbd_core.o
    0x08003ec4   0x08003ec4   0x00000014   Code   RO         1172    .text.USBD_LL_Resume  usbd_core.o
    0x08003ed8   0x08003ed8   0x0000001e   Code   RO         1174    .text.USBD_LL_SOF   usbd_core.o
    0x08003ef6   0x08003ef6   0x00000002   PAD
    0x08003ef8   0x08003ef8   0x00000008   Code   RO         1168    .text.USBD_LL_SetSpeed  usbd_core.o
    0x08003f00   0x08003f00   0x00000022   Code   RO          272    .text.USBD_LL_SetUSBAddress  usbd_conf.o
    0x08003f22   0x08003f22   0x00000002   PAD
    0x08003f24   0x08003f24   0x00000062   Code   RO         1156    .text.USBD_LL_SetupStage  usbd_core.o
    0x08003f86   0x08003f86   0x00000002   PAD
    0x08003f88   0x08003f88   0x00000022   Code   RO          266    .text.USBD_LL_StallEP  usbd_conf.o
    0x08003faa   0x08003faa   0x00000002   PAD
    0x08003fac   0x08003fac   0x00000022   Code   RO          256    .text.USBD_LL_Start  usbd_conf.o
    0x08003fce   0x08003fce   0x00000002   PAD
    0x08003fd0   0x08003fd0   0x0000001c   Code   RO         1170    .text.USBD_LL_Suspend  usbd_core.o
    0x08003fec   0x08003fec   0x00000022   Code   RO          274    .text.USBD_LL_Transmit  usbd_conf.o
    0x0800400e   0x0800400e   0x00000002   PAD
    0x08004010   0x08004010   0x00000016   Code   RO         1204    .text.USBD_ParseSetupRequest  usbd_ctlreq.o
    0x08004026   0x08004026   0x00000002   PAD
    0x08004028   0x08004028   0x00000042   Code   RO         1144    .text.USBD_RegisterClass  usbd_core.o
    0x0800406a   0x0800406a   0x00000002   PAD
    0x0800406c   0x0800406c   0x00000010   Code   RO         1152    .text.USBD_SetClassConfig  usbd_core.o
    0x0800407c   0x0800407c   0x00000004   Code   RO         1146    .text.USBD_Start    usbd_core.o
    0x08004080   0x08004080   0x00000384   Code   RO         1196    .text.USBD_StdDevReq  usbd_ctlreq.o
    0x08004404   0x08004404   0x00000166   Code   RO         1202    .text.USBD_StdEPReq  usbd_ctlreq.o
    0x0800456a   0x0800456a   0x00000002   PAD
    0x0800456c   0x0800456c   0x00000078   Code   RO         1200    .text.USBD_StdItfReq  usbd_ctlreq.o
    0x080045e4   0x080045e4   0x00000002   Code   RO          282    .text.USBD_static_free  usbd_conf.o
    0x080045e6   0x080045e6   0x00000002   PAD
    0x080045e8   0x080045e8   0x0000000a   Code   RO          280    .text.USBD_static_malloc  usbd_conf.o
    0x080045f2   0x080045f2   0x00000002   PAD
    0x080045f4   0x080045f4   0x00000082   Code   RO          412    .text.USB_ActivateEndpoint  stm32f4xx_ll_usb.o
    0x08004676   0x08004676   0x00000002   PAD
    0x08004678   0x08004678   0x00000020   Code   RO          454    .text.USB_ActivateSetup  stm32f4xx_ll_usb.o
    0x08004698   0x08004698   0x00000212   Code   RO          390    .text.USB_CoreInit  stm32f4xx_ll_usb.o
    0x080048aa   0x080048aa   0x00000002   PAD
    0x080048ac   0x080048ac   0x00000082   Code   RO          416    .text.USB_DeactivateEndpoint  stm32f4xx_ll_usb.o
    0x0800492e   0x0800492e   0x00000002   PAD
    0x08004930   0x08004930   0x0000001e   Code   RO          436    .text.USB_DevConnect  stm32f4xx_ll_usb.o
    0x0800494e   0x0800494e   0x00000002   PAD
    0x08004950   0x08004950   0x0000001e   Code   RO          438    .text.USB_DevDisconnect  stm32f4xx_ll_usb.o
    0x0800496e   0x0800496e   0x00000002   PAD
    0x08004970   0x08004970   0x000004b6   Code   RO          402    .text.USB_DevInit   stm32f4xx_ll_usb.o
    0x08004e26   0x08004e26   0x00000002   PAD
    0x08004e28   0x08004e28   0x0000000e   Code   RO          396    .text.USB_DisableGlobalInt  stm32f4xx_ll_usb.o
    0x08004e36   0x08004e36   0x00000002   PAD
    0x08004e38   0x08004e38   0x0000005a   Code   RO          456    .text.USB_EP0_OutStart  stm32f4xx_ll_usb.o
    0x08004e92   0x08004e92   0x00000002   PAD
    0x08004e94   0x08004e94   0x00000052   Code   RO          430    .text.USB_EPClearStall  stm32f4xx_ll_usb.o
    0x08004ee6   0x08004ee6   0x00000002   PAD
    0x08004ee8   0x08004ee8   0x0000003e   Code   RO          428    .text.USB_EPSetStall  stm32f4xx_ll_usb.o
    0x08004f26   0x08004f26   0x00000002   PAD
    0x08004f28   0x08004f28   0x0000023a   Code   RO          420    .text.USB_EPStartXfer  stm32f4xx_ll_usb.o
    0x08005162   0x08005162   0x00000002   PAD
    0x08005164   0x08005164   0x0000010e   Code   RO          424    .text.USB_EPStopXfer  stm32f4xx_ll_usb.o
    0x08005272   0x08005272   0x00000002   PAD
    0x08005274   0x08005274   0x0000000e   Code   RO          394    .text.USB_EnableGlobalInt  stm32f4xx_ll_usb.o
    0x08005282   0x08005282   0x00000002   PAD
    0x08005284   0x08005284   0x000000be   Code   RO          406    .text.USB_FlushTxFifo  stm32f4xx_ll_usb.o
    0x08005342   0x08005342   0x00000002   PAD
    0x08005344   0x08005344   0x0000001a   Code   RO          410    .text.USB_GetDevSpeed  stm32f4xx_ll_usb.o
    0x0800535e   0x0800535e   0x00000002   PAD
    0x08005360   0x08005360   0x00000008   Code   RO          400    .text.USB_GetMode   stm32f4xx_ll_usb.o
    0x08005368   0x08005368   0x0000000e   Code   RO          446    .text.USB_ReadDevAllInEpInterrupt  stm32f4xx_ll_usb.o
    0x08005376   0x08005376   0x00000002   PAD
    0x08005378   0x08005378   0x0000000e   Code   RO          444    .text.USB_ReadDevAllOutEpInterrupt  stm32f4xx_ll_usb.o
    0x08005386   0x08005386   0x00000002   PAD
    0x08005388   0x08005388   0x00000024   Code   RO          450    .text.USB_ReadDevInEPInterrupt  stm32f4xx_ll_usb.o
    0x080053ac   0x080053ac   0x00000010   Code   RO          448    .text.USB_ReadDevOutEPInterrupt  stm32f4xx_ll_usb.o
    0x080053bc   0x080053bc   0x00000008   Code   RO          440    .text.USB_ReadInterrupts  stm32f4xx_ll_usb.o
    0x080053c4   0x080053c4   0x000000aa   Code   RO          426    .text.USB_ReadPacket  stm32f4xx_ll_usb.o
    0x0800546e   0x0800546e   0x00000002   PAD
    0x08005470   0x08005470   0x00000368   Code   RO          398    .text.USB_SetCurrentMode  stm32f4xx_ll_usb.o
    0x080057d8   0x080057d8   0x00000022   Code   RO          434    .text.USB_SetDevAddress  stm32f4xx_ll_usb.o
    0x080057fa   0x080057fa   0x00000002   PAD
    0x080057fc   0x080057fc   0x00000118   Code   RO          392    .text.USB_SetTurnaroundTime  stm32f4xx_ll_usb.o
    0x08005914   0x08005914   0x0000006a   Code   RO          422    .text.USB_WritePacket  stm32f4xx_ll_usb.o
    0x0800597e   0x0800597e   0x00000002   PAD
    0x08005980   0x08005980   0x00000002   Code   RO          127    .text.UsageFault_Handler  stm32f4xx_it.o
    0x08005982   0x08005982   0x00000002   PAD
    0x08005984   0x08005984   0x000000fa   Code   RO           98    .text.displayDigit  main.o
    0x08005a7e   0x08005a7e   0x00000002   PAD
    0x08005a80   0x08005a80   0x00000200   Code   RO           92    .text.main          main.o
    0x08005c80   0x08005c80   0x0000001a   Code   RO         1429    x$fpl$fpinit        fz_wm.l(fpinit.o)
    0x08005c9a   0x08005c9a   0x00000010   Data   RO         1285    .rodata.AHBPrescTable  system_stm32f4xx.o
    0x08005caa   0x08005caa   0x00000008   Data   RO         1286    .rodata.APBPrescTable  system_stm32f4xx.o
    0x08005cb2   0x08005cb2   0x00000d5c   Data   RO           80    .rodata.Font11x18   fonts.o
    0x08006a0e   0x08006a0e   0x0000134c   Data   RO           81    .rodata.Font16x26   fonts.o
    0x08007d5a   0x08007d5a   0x0000000d   Data   RO          106    .rodata.str1.1      main.o
    0x08007d67   0x08007d67   0x00000001   PAD
    0x08007d68   0x08007d68   0x00000020   Data   RO         1490    Region$$Table       anon$$obj.o


    Execution Region RW_IRAM1 (Exec base: 0x20000000, Load base: 0x08007d88, Size: 0x00002890, Max: 0x0001c000, ABSOLUTE, COMPRESSED[0x000000e8])

    Exec Addr    Load Addr    Size         Type   Attr      Idx    E Section Name        Object

    0x20000000   COMPRESSED   0x00000058   Data   RW          110    .data..L_MergedGlobals  main.o
    0x20000058   COMPRESSED   0x00000008   Data   RW          844    .data..L_MergedGlobals  stm32f4xx_hal.o
    0x20000060   COMPRESSED   0x0000001c   Data   RW          187    .data.FS_Desc       usbd_desc.o
    0x2000007c   COMPRESSED   0x00000008   Data   RW           83    .data.Font_11x18    fonts.o
    0x20000084   COMPRESSED   0x00000008   Data   RW           84    .data.Font_16x26    fonts.o
    0x2000008c   COMPRESSED   0x00000004   Data   RW         1284    .data.SystemCoreClock  system_stm32f4xx.o
    0x20000090   COMPRESSED   0x00000038   Data   RW         1269    .data.USBD_CDC      usbd_cdc.o
    0x200000c8   COMPRESSED   0x00000043   Data   RW         1271    .data.USBD_CDC_CfgDesc  usbd_cdc.o
    0x2000010b   COMPRESSED   0x00000001   PAD
    0x2000010c   COMPRESSED   0x0000000a   Data   RW         1270    .data.USBD_CDC_DeviceQualifierDesc  usbd_cdc.o
    0x20000116   COMPRESSED   0x00000002   PAD
    0x20000118   COMPRESSED   0x00000012   Data   RW          188    .data.USBD_FS_DeviceDesc  usbd_desc.o
    0x2000012a   COMPRESSED   0x00000002   PAD
    0x2000012c   COMPRESSED   0x00000014   Data   RW          212    .data.USBD_Interface_fops_FS  usbd_cdc_if.o
    0x20000140   COMPRESSED   0x00000004   Data   RW          189    .data.USBD_LangIDDesc  usbd_desc.o
    0x20000144   COMPRESSED   0x0000001a   Data   RW          190    .data.USBD_StringSerial  usbd_desc.o
    0x2000015e   COMPRESSED   0x00000002   PAD
    0x20000160        -       0x00000060   Zero   RW         1355    .bss                c_w.l(libspace.o)
    0x200001c0        -       0x00000006   Zero   RW           68    .bss..L_MergedGlobals  ssd1306.o
    0x200001c6        -       0x00000041   Zero   RW          215    .bss..L_MergedGlobals  usbd_cdc_if.o
    0x20000207   COMPRESSED   0x00000001   PAD
    0x20000208        -       0x00000400   Zero   RW           67    .bss.SSD1306_Buffer  ssd1306.o
    0x20000608        -       0x00000001   Zero   RW         1208    .bss.USBD_SetConfig.cfgidx  usbd_ctlreq.o
    0x20000609   COMPRESSED   0x00000003   PAD
    0x2000060c        -       0x00000200   Zero   RW          191    .bss.USBD_StrDesc   usbd_desc.o
    0x2000080c        -       0x00000220   Zero   RW          287    .bss.USBD_static_malloc.mem  usbd_conf.o
    0x20000a2c        -       0x00000800   Zero   RW          213    .bss.UserRxBufferFS  usbd_cdc_if.o
    0x2000122c        -       0x00000800   Zero   RW          214    .bss.UserTxBufferFS  usbd_cdc_if.o
    0x20001a2c        -       0x000002dc   Zero   RW          166    .bss.hUsbDeviceFS   usb_device.o
    0x20001d08        -       0x00000054   Zero   RW          107    .bss.hi2c1          main.o
    0x20001d5c        -       0x000004e4   Zero   RW          286    .bss.hpcd_USB_OTG_FS  usbd_conf.o
    0x20002240        -       0x00000048   Zero   RW          108    .bss.huart2         main.o
    0x20002288        -       0x00000004   Zero   RW          843    .bss.uwTick         stm32f4xx_hal.o
    0x2000228c   COMPRESSED   0x00000004   PAD
    0x20002290        -       0x00000200   Zero   RW            2    HEAP                startup_stm32f407xx.o
    0x20002490        -       0x00000400   Zero   RW            1    STACK               startup_stm32f407xx.o


    Execution Region RW_IRAM2 (Exec base: 0x2001c000, Load base: 0x08007e70, Size: 0x00000000, Max: 0x00004000, ABSOLUTE)

    **** No section assigned to this execution region ****


==============================================================================

Image component sizes


      Code (inc. data)   RO Data    RW Data    ZI Data      Debug   Object Name

         0          0       8360         16          0       1264   fonts.o
       940          8         13         88        156      10252   main.o
      1312          0          0          0       1030      29193   ssd1306.o
        64         26        392          0       1536        828   startup_stm32f407xx.o
       204          0          0          8          4       7306   stm32f4xx_hal.o
       196          0          0          0          0      10723   stm32f4xx_hal_cortex.o
       424          0          0          0          0       5353   stm32f4xx_hal_gpio.o
      2408          0          0          0          0      44408   stm32f4xx_hal_i2c.o
       288          0          0          0          0       6657   stm32f4xx_hal_msp.o
      3576          0          0          0          0      17262   stm32f4xx_hal_pcd.o
       216          0          0          0          0       4735   stm32f4xx_hal_pcd_ex.o
      1492          0          0          0          0       7450   stm32f4xx_hal_rcc.o
       326          0          0          0          0      32145   stm32f4xx_hal_uart.o
        32          0          0          0          0       3904   stm32f4xx_it.o
      4964          0          0          0          0      39888   stm32f4xx_ll_usb.o
        18          0         24          4          0       2650   system_stm32f4xx.o
       114          0          0          0        732       3194   usb_device.o
      1156         12          0        133          0      11486   usbd_cdc.o
       116          0          0         20       4161       5087   usbd_cdc_if.o
       784          0          0          0       1796      18344   usbd_conf.o
       986          0          0          0          0      11085   usbd_core.o
      1676         34          0          0          1      11013   usbd_ctlreq.o
       564         72          0         76        512       4120   usbd_desc.o
       128          0          0          0          0       4719   usbd_ioreq.o

    ----------------------------------------------------------------------
     22172        152       8822        352       9936     293066   Object Totals
         0          0         32          0          0          0   (incl. Generated)
       188          0          1          7          8          0   (incl. Padding)

    ----------------------------------------------------------------------

      Code (inc. data)   RO Data    RW Data    ZI Data      Debug   Library Member Name

        90          0          0          0          0          0   __dczerorl2.o
         8          0          0          0          0         68   __main.o
         0          0          0          0          0          0   __rtentry.o
        12          0          0          0          0          0   __rtentry2.o
         6          0          0          0          0          0   __rtentry4.o
        94          8          0          0          0          0   __scatter.o
        28          0          0          0          0          0   __scatter_zi.o
        16          0          0          0          0         68   aeabi_memset4.o
        18          0          0          0          0         80   exit.o
         6          0          0          0          0        152   heapauxi.o
         0          0          0          0          0          0   indicate_semi.o
         2          0          0          0          0          0   libinit.o
         6          0          0          0          0          0   libinit2.o
         2          0          0          0          0          0   libshutdown.o
         2          0          0          0          0          0   libshutdown2.o
         8          4          0          0         96         68   libspace.o
       240          0          0          0          0        100   lludivv7m.o
        68          0          0          0          0         68   rt_memclr.o
        78          0          0          0          0         80   rt_memclr_w.o
       138          0          0          0          0         68   rt_memcpy_v6.o
       100          0          0          0          0         80   rt_memcpy_w.o
         2          0          0          0          0          0   rtexit.o
        10          0          0          0          0          0   rtexit2.o
        86          0          0          0          0         76   strncpy.o
        12          4          0          0          0         68   sys_exit.o
        74          0          0          0          0         80   sys_stackheap_outer.o
         2          0          0          0          0         68   use_no_semi.o
        26          0          0          0          0        116   fpinit.o

    ----------------------------------------------------------------------
      1142         16          0          0         96       1240   Library Totals
         8          0          0          0          0          0   (incl. Padding)

    ----------------------------------------------------------------------

      Code (inc. data)   RO Data    RW Data    ZI Data      Debug   Library Name

      1108         16          0          0         96       1124   c_w.l
        26          0          0          0          0        116   fz_wm.l

    ----------------------------------------------------------------------
      1142         16          0          0         96       1240   Library Totals

    ----------------------------------------------------------------------

==============================================================================


      Code (inc. data)   RO Data    RW Data    ZI Data      Debug   

     23314        168       8822        352      10032     293434   Grand Totals
     23314        168       8822        232      10032     293434   ELF Image Totals (compressed)
     23314        168       8822        232          0          0   ROM Totals

==============================================================================

    Total RO  Size (Code + RO Data)                32136 (  31.38kB)
    Total RW  Size (RW Data + ZI Data)             10384 (  10.14kB)
    Total ROM Size (Code + RO Data + RW Data)      32368 (  31.61kB)

==============================================================================

